0x9a4 N 0x9a8
0x48a0 N 0x48a4
0x7da63d18 N 0x7da63d1c
0xd54 N 0xd58
0x10c N 0x110
0x94c28 N 0x94c2c
0x58bc60 N 0x58bc64
0xd54 N 0xd58
0x35cb00 N 0x35cb04
0x13d2d294 N 0x13d2d298
0x8ec39674 N 0x8ec39678
0x94c28 N 0x94c2c
0x35cb00 N 0x35cb04
flush_num: 6, br_num: 13, size: 121b
