0xa1c4 N 0xa1c8
0x43a34c N 0x43a350
0xaeabe2ec N 0xaeabe2f0
0x17ef0c N 0x17ef10
0xad60d98 N 0xad60d9c
0x5f92dc N 0x5f92e0
0xaeabe2ec N 0xaeabe2f0
0x9f057c N 0x9f0580
0xae8164c N 0xae81650
0xa1c4 N 0xa1c8
0x9f057c N 0x9f0580
0xaeef4 N 0xaeef8
0x9f057c N 0x9f0580
0xad60d98 N 0xad60d9c
0xfbd516c N 0xfbd5170
0x202c N 0x2030
0xea3fda74 N 0xea3fda78
0xae8164c N 0xae81650
0xea3fda74 N 0xea3fda78
0xad60d98 N 0xad60d9c
0x10e3692c N 0x10e36930
0x9f40 N 0x9f44
0x5f92dc N 0x5f92e0
0xb5940 N 0xb5944
0xae8164c N 0xae81650
0x9f40 N 0x9f44
0x5f92dc N 0x5f92e0
0xea3fda74 N 0xea3fda78
0x43a34c N 0x43a350
0x9f057c N 0x9f0580
0xbda0 N 0xbda4
0xfbd516c N 0xfbd5170
0x3d4fb8 N 0x3d4fbc
0x5f92dc N 0x5f92e0
0xbda0 N 0xbda4
0xad60d98 N 0xad60d9c
0xaeef4 N 0xaeef8
0xae8164c N 0xae81650
0xaba4 N 0xaba8
0xae8164c N 0xae81650
0x6ef6fc4c N 0x6ef6fc50
0x5b6a84 N 0x5b6a88
0x202c N 0x2030
0x43a34c N 0x43a350
0x8801420 N 0x8801424
0xbda0 N 0xbda4
0x9f057c N 0x9f0580
0xae8164c N 0xae81650
0xbda0 N 0xbda4
0x43a34c N 0x43a350
0xaeabe2ec N 0xaeabe2f0
0x3d4fb8 N 0x3d4fbc
0xae8164c N 0xae81650
0x202c N 0x2030
0x3d4fb8 N 0x3d4fbc
0xd2bd18 N 0xd2bd1c
flush_num: 29, br_num: 56, size: 318b
