0x6273b440 N 0x6273b444
0x71c6e04 N 0x71c6e08
0x4a9fd0f4 N 0x4a9fd0f8
0xafe50954 N 0xafe50958
0x666dc N 0x666e0
0x8b584298 N 0x8b58429c
0x88aab478 N 0x88aab47c
0x543e404 N 0x543e408
0x8d10 N 0x8d14
0x86c N 0x870
0x6273b440 N 0x6273b444
0xc4ee2f4 N 0xc4ee2f8
0xd544 N 0xd548
0xe24a704 N 0xe24a708
0x58ae4 N 0x58ae8
0x8d10 N 0x8d14
0x71c6e04 N 0x71c6e08
0x46b94 N 0x46b98
0x91a708 N 0x91a70c
0xbe48 N 0xbe4c
0xe24a704 N 0xe24a708
0x7aa4 N 0x7aa8
0x88aab478 N 0x88aab47c
0xe24a704 N 0xe24a708
0x6273b440 N 0x6273b444
0xafe50954 N 0xafe50958
0x7aa4 N 0x7aa8
0x6273b440 N 0x6273b444
0x543e404 N 0x543e408
0x4a9fd0f4 N 0x4a9fd0f8
0x1fc N 0x200
0x76040 N 0x76044
0x562c N 0x5630
0xa8 N 0xac
0xd31d8 N 0xd31dc
0xbe48 N 0xbe4c
0x186990ac N 0x186990b0
0x8b584298 N 0x8b58429c
0x47b4 N 0x47b8
0x76040 N 0x76044
0xdfcfc4 N 0xdfcfc8
0x543e404 N 0x543e408
0xafe50954 N 0xafe50958
0x1fc N 0x200
0x7aa4 N 0x7aa8
0xd31d8 N 0xd31dc
0xe24a704 N 0xe24a708
0x76040 N 0x76044
0x562c N 0x5630
0x7d255448 N 0x7d25544c
0x562c N 0x5630
0x5ad69b2c N 0x5ad69b30
0x71c6e04 N 0x71c6e08
0x6273b440 N 0x6273b444
0x46b94 N 0x46b98
0xa8 N 0xac
0xafe50954 N 0xafe50958
0xd544 N 0xd548
0xbe48 N 0xbe4c
0x186990ac N 0x186990b0
0x6273b440 N 0x6273b444
0x666dc N 0x666e0
0x47b4 N 0x47b8
0x6273b440 N 0x6273b444
0x7d255448 N 0x7d25544c
0x88aab478 N 0x88aab47c
0x91a708 N 0x91a70c
0x666dc N 0x666e0
0x666dc N 0x666e0
0x920f98 N 0x920f9c
0xdfcfc4 N 0xdfcfc8
0xd544 N 0xd548
0x8b584298 N 0x8b58429c
0x8d10 N 0x8d14
flush_num: 39, br_num: 74, size: 296b
