0x4ad28 N 0x4ad2c
0x2034c N 0x20350
0xddc N 0xde0
0x65793d98 N 0x65793d9c
0x341c3c N 0x341c40
0x9578 N 0x957c
0x341c3c N 0x341c40
0x2034c N 0x20350
0xb1c N 0xb20
0x4ad28 N 0x4ad2c
0x2034c N 0x20350
0xabfd4 N 0xabfd8
0x483e773c N 0x483e7740
0x1ed91ad8 N 0x1ed91adc
0x65793d98 N 0x65793d9c
0x2034c N 0x20350
0x8dcdb4 N 0x8dcdb8
0xd70d0 N 0xd70d4
0xd70d0 N 0xd70d4
0xabc N 0xac0
0xeb3a5c N 0xeb3a60
0x51c8e020 N 0x51c8e024
0x4da9e18 N 0x4da9e1c
0x9b200 N 0x9b204
0x1ed91ad8 N 0x1ed91adc
0x2034c N 0x20350
0xb1c N 0xb20
0xb1c N 0xb20
0xeb3a5c N 0xeb3a60
0x483e773c N 0x483e7740
0x8c4c8 N 0x8c4cc
0x8c4c8 N 0x8c4cc
0xc307408 N 0xc30740c
0xbb3ec8 N 0xbb3ecc
0xd84b4 N 0xd84b8
0xbe47ef4 N 0xbe47ef8
0x8dcdb4 N 0x8dcdb8
0xb1c N 0xb20
0xeb3a5c N 0xeb3a60
0x51c8e020 N 0x51c8e024
0x9578 N 0x957c
0xabc N 0xac0
0x4da9e18 N 0x4da9e1c
0xb1c N 0xb20
0xd88 N 0xd8c
0xd84b4 N 0xd84b8
0xabc N 0xac0
0xbe47ef4 N 0xbe47ef8
0xdc N 0xe0
0x8c4c8 N 0x8c4cc
0xabfd4 N 0xabfd8
0xeb3a5c N 0xeb3a60
0x9578 N 0x957c
0xddc N 0xde0
0xd84b4 N 0xd84b8
0x65793d98 N 0x65793d9c
0xddc N 0xde0
0xb1c N 0xb20
0xabc N 0xac0
0xd88 N 0xd8c
0xbe47ef4 N 0xbe47ef8
0xddc N 0xde0
0xabc N 0xac0
0xb36ef50 N 0xb36ef54
0xc307408 N 0xc30740c
0xb1c N 0xb20
0xb1c N 0xb20
0xddc N 0xde0
0xabc N 0xac0
flush_num: 33, br_num: 69, size: 483b
