0x36227c N 0x362280
0x1ab8f7c N 0x1ab8f80
0x8ee60 N 0x8ee64
0x8ee60 N 0x8ee64
0xf7317c N 0xf73180
0x36227c N 0x362280
0x99ec N 0x99f0
0x4c50938 N 0x4c5093c
0x1ab8f7c N 0x1ab8f80
0x4c50938 N 0x4c5093c
0xf7317c N 0xf73180
0x8ee60 N 0x8ee64
0x36227c N 0x362280
0xe1c N 0xe20
0x8ee60 N 0x8ee64
0x99ec N 0x99f0
0x1ab8f7c N 0x1ab8f80
0xf7317c N 0xf73180
0x4c50938 N 0x4c5093c
0xf7317c N 0xf73180
0x1ab8f7c N 0x1ab8f80
0x1ab8f7c N 0x1ab8f80
0x36227c N 0x362280
0xe1c N 0xe20
0x99ec N 0x99f0
0x36227c N 0x362280
0x1ab8f7c N 0x1ab8f80
0x8ee60 N 0x8ee64
0x99ec N 0x99f0
0x4c50938 N 0x4c5093c
0xf7317c N 0xf73180
0x4c50938 N 0x4c5093c
0x99ec N 0x99f0
0xe1c N 0xe20
0x99ec N 0x99f0
0x1ab8f7c N 0x1ab8f80
0x99ec N 0x99f0
0x1ab8f7c N 0x1ab8f80
0x99ec N 0x99f0
0x1ab8f7c N 0x1ab8f80
0xe1c N 0xe20
0x99ec N 0x99f0
0x99ec N 0x99f0
0xe1c N 0xe20
0xf7317c N 0xf73180
0xe1c N 0xe20
0x8ee60 N 0x8ee64
0x1ab8f7c N 0x1ab8f80
0x8ee60 N 0x8ee64
0x1ab8f7c N 0x1ab8f80
0x8ee60 N 0x8ee64
0x99ec N 0x99f0
0x1ab8f7c N 0x1ab8f80
0xf7317c N 0xf73180
0xe1c N 0xe20
0xe1c N 0xe20
0x99ec N 0x99f0
0xe1c N 0xe20
0x4c50938 N 0x4c5093c
0x8ee60 N 0x8ee64
0xe1c N 0xe20
0xf7317c N 0xf73180
0x4c50938 N 0x4c5093c
0x1ab8f7c N 0x1ab8f80
0x8ee60 N 0x8ee64
0x8ee60 N 0x8ee64
0x99ec N 0x99f0
0xf7317c N 0xf73180
0xe1c N 0xe20
0xe1c N 0xe20
0xe1c N 0xe20
0x1ab8f7c N 0x1ab8f80
0x36227c N 0x362280
0xf7317c N 0xf73180
0x8ee60 N 0x8ee64
0x99ec N 0x99f0
0x99ec N 0x99f0
0xe1c N 0xe20
0xf7317c N 0xf73180
0x36227c N 0x362280
0x4c50938 N 0x4c5093c
0x36227c N 0x362280
0xe1c N 0xe20
0x4c50938 N 0x4c5093c
0xe1c N 0xe20
0x36227c N 0x362280
0x1ab8f7c N 0x1ab8f80
0x1ab8f7c N 0x1ab8f80
0xf7317c N 0xf73180
0x36227c N 0x362280
0x36227c N 0x362280
0x36227c N 0x362280
0x99ec N 0x99f0
0xe1c N 0xe20
0x1ab8f7c N 0x1ab8f80
0x8ee60 N 0x8ee64
0xe1c N 0xe20
0x99ec N 0x99f0
0x4c50938 N 0x4c5093c
0x99ec N 0x99f0
0xf7317c N 0xf73180
0x8ee60 N 0x8ee64
0xe1c N 0xe20
0x36227c N 0x362280
0x36227c N 0x362280
0x1ab8f7c N 0x1ab8f80
0xf7317c N 0xf73180
0xe1c N 0xe20
0x8ee60 N 0x8ee64
0x1ab8f7c N 0x1ab8f80
0x8ee60 T 0x778b378
0x4c50938 N 0x4c5093c
0xf7317c N 0xf73180
0x36227c N 0x362280
0x99ec N 0x99f0
0x1ab8f7c N 0x1ab8f80
0x1ab8f7c N 0x1ab8f80
0x8ee60 N 0x8ee64
0xe1c N 0xe20
0x4c50938 N 0x4c5093c
0xe1c N 0xe20
0x36227c N 0x362280
0x36227c N 0x362280
0x99ec N 0x99f0
0x4c50938 N 0x4c5093c
0x99ec N 0x99f0
0x8ee60 N 0x8ee64
0x8ee60 N 0x8ee64
0x1ab8f7c N 0x1ab8f80
0x36227c N 0x362280
0x1ab8f7c N 0x1ab8f80
0x36227c N 0x362280
0x8ee60 N 0x8ee64
0x1ab8f7c N 0x1ab8f80
0x36227c N 0x362280
0x99ec N 0x99f0
0x36227c N 0x362280
0x1ab8f7c T 0x5efe8d0
0xf7317c N 0xf73180
0xe1c N 0xe20
0x4c50938 N 0x4c5093c
0x4c50938 N 0x4c5093c
0x1ab8f7c N 0x1ab8f80
0x99ec N 0x99f0
0xe1c N 0xe20
0xf7317c N 0xf73180
0x1ab8f7c N 0x1ab8f80
0x4c50938 N 0x4c5093c
0x99ec N 0x99f0
0xe1c N 0xe20
0xe1c N 0xe20
0x4c50938 N 0x4c5093c
0x8ee60 N 0x8ee64
0x4c50938 N 0x4c5093c
0x99ec N 0x99f0
0x99ec N 0x99f0
0x36227c N 0x362280
0x8ee60 N 0x8ee64
0xf7317c N 0xf73180
0x36227c N 0x362280
0x1ab8f7c N 0x1ab8f80
0x99ec N 0x99f0
0x36227c N 0x362280
0xf7317c N 0xf73180
0xf7317c N 0xf73180
0x99ec N 0x99f0
0x1ab8f7c N 0x1ab8f80
0xf7317c N 0xf73180
0x8ee60 N 0x8ee64
0x8ee60 N 0x8ee64
0x99ec N 0x99f0
flush_num: 86, br_num: 171, size: 329b
