0x950 N 0x954
0xd38 N 0xd3c
0xf67bf98 N 0xf67bf9c
0x29c536c N 0x29c5370
0xc34 N 0xc38
0x9d1c50 N 0x9d1c54
0x7708 N 0x770c
0x1d3d214c N 0x1d3d2150
0xa3788 N 0xa378c
0x340 N 0x344
0xb414c40 N 0xb414c44
0x513d7c N 0x513d80
0xd38 N 0xd3c
0x8689c20 N 0x8689c24
0xdd018 N 0xdd01c
0x1d3d214c N 0x1d3d2150
0xb414c40 N 0xb414c44
0xa3788 N 0xa378c
0x340 N 0x344
0x4799715c N 0x47997160
0xa3788 N 0xa378c
0x8689c20 N 0x8689c24
0x513d7c N 0x513d80
0xc34 N 0xc38
0xc34 N 0xc38
0xf67bf98 N 0xf67bf9c
0x8689c20 N 0x8689c24
0xe900 N 0xe904
0x75eac N 0x75eb0
0x60e00580 N 0x60e00584
0x950 N 0x954
0xf56edc44 N 0xf56edc48
0x8689c20 N 0x8689c24
0xa3788 N 0xa378c
0x950 N 0x954
0xd38 N 0xd3c
0x29c536c N 0x29c5370
0x950 N 0x954
0x6eb0898 N 0x6eb089c
0x5ef8 N 0x5efc
0x85f11898 N 0x85f1189c
0x75eac N 0x75eb0
0x340 N 0x344
0x1d3d214c N 0x1d3d2150
0xf67bf98 N 0xf67bf9c
0x60e00580 N 0x60e00584
0x51c063c N 0x51c0640
0x85f11898 N 0x85f1189c
0x950 N 0x954
0x950 N 0x954
0xd38 N 0xd3c
0x4799715c N 0x47997160
0xef00 N 0xef04
0x513d7c N 0x513d80
0xb414c40 N 0xb414c44
0x4799715c N 0x47997160
0xb414c40 N 0xb414c44
0x4799715c N 0x47997160
0x340 N 0x344
0x711d1f8 N 0x711d1fc
0xa3788 N 0xa378c
0xc70 N 0xc74
0x8689c20 N 0x8689c24
0x711d1f8 N 0x711d1fc
0xb414c40 N 0xb414c44
0x7708 N 0x770c
0x85f11898 N 0x85f1189c
0x8689c20 N 0x8689c24
0x4799715c N 0x47997160
0x950 N 0x954
0xf67bf98 N 0xf67bf9c
0xc34 N 0xc38
0x6eb0898 N 0x6eb089c
0xef00 N 0xef04
0x75eac N 0x75eb0
0xa3788 N 0xa378c
0x9d1c50 N 0x9d1c54
0x1d3d214c N 0x1d3d2150
0xc34 N 0xc38
0x8689c20 N 0x8689c24
0x4799715c N 0x47997160
0x450338 N 0x45033c
0x60e00580 N 0x60e00584
0x9d1c50 N 0x9d1c54
0x9d1c50 N 0x9d1c54
0xe900 N 0xe904
0xe900 N 0xe904
0x9d1c50 N 0x9d1c54
0x75eac N 0x75eb0
0xef00 N 0xef04
0xef00 N 0xef04
0x9d1c50 N 0x9d1c54
0x450338 N 0x45033c
0xc70 N 0xc74
0x1d3d214c N 0x1d3d2150
0x29c536c N 0x29c5370
0x8689c20 N 0x8689c24
0x8689c20 N 0x8689c24
0x513d7c N 0x513d80
0x950 N 0x954
0xef00 N 0xef04
0x513d7c N 0x513d80
0xb414c40 N 0xb414c44
0x4799715c N 0x47997160
0x85f11898 N 0x85f1189c
0x8689c20 N 0x8689c24
0xc70 N 0xc74
0xf56edc44 N 0xf56edc48
0x1d3d214c N 0x1d3d2150
0x85f11898 N 0x85f1189c
0xc34 N 0xc38
0x7708 N 0x770c
0xd38 N 0xd3c
0x450338 N 0x45033c
0x5ef8 N 0x5efc
0x29c536c N 0x29c5370
0xa3788 N 0xa378c
0xe900 N 0xe904
0xd38 N 0xd3c
0x950 N 0x954
0x29c536c N 0x29c5370
0x75eac N 0x75eb0
0xd38 N 0xd3c
0x7708 N 0x770c
0x711d1f8 N 0x711d1fc
0x29c536c N 0x29c5370
0x61c98 N 0x61c9c
0xc70 N 0xc74
0x6eb0898 N 0x6eb089c
0xf67bf98 N 0xf67bf9c
0x5ef8 N 0x5efc
0x711d1f8 N 0x711d1fc
0x450338 N 0x45033c
0x6eb0898 N 0x6eb089c
0x450338 N 0x45033c
0x450338 N 0x45033c
0x4799715c N 0x47997160
0xf56edc44 N 0xf56edc48
0x60e00580 N 0x60e00584
0xd38 N 0xd3c
0x9d1c50 N 0x9d1c54
0x5ef8 N 0x5efc
0x51c063c N 0x51c0640
0x8689c20 N 0x8689c24
0x85f11898 N 0x85f1189c
0x450338 N 0x45033c
0x9d1c50 N 0x9d1c54
0x5ef8 N 0x5efc
0xef00 N 0xef04
0x85f11898 N 0x85f1189c
0xdd018 N 0xdd01c
0x950 N 0x954
0xc70 N 0xc74
0x51c063c N 0x51c0640
0x7708 N 0x770c
0xf56edc44 N 0xf56edc48
0xc70 N 0xc74
0x513d7c N 0x513d80
0x950 N 0x954
0xc70 N 0xc74
0xd38 N 0xd3c
0x711d1f8 N 0x711d1fc
0xc34 N 0xc38
0x450338 N 0x45033c
0x1d3d214c N 0x1d3d2150
0xb414c40 N 0xb414c44
0xd38 N 0xd3c
0x75eac N 0x75eb0
0xe900 N 0xe904
0x1d3d214c N 0x1d3d2150
0x75eac N 0x75eb0
0x51c063c N 0x51c0640
0xa3788 N 0xa378c
0xd38 N 0xd3c
0x8689c20 N 0x8689c24
0x61c98 N 0x61c9c
0x51c063c N 0x51c0640
0x450338 N 0x45033c
0x7708 N 0x770c
0x711d1f8 N 0x711d1fc
0xdd018 N 0xdd01c
0xc34 N 0xc38
0xef00 N 0xef04
0x711d1f8 N 0x711d1fc
0x5ef8 N 0x5efc
0xdd018 N 0xdd01c
0xe900 N 0xe904
0x61c98 N 0x61c9c
0x51c063c N 0x51c0640
0x340 N 0x344
0x5ef8 N 0x5efc
0x711d1f8 N 0x711d1fc
0x950 N 0x954
flush_num: 100, br_num: 193, size: 56b
