0x7a8 N 0x7ac
0x6d55ab0 N 0x6d55ab4
0xb654480 N 0xb654484
0x1f04 N 0x1f08
0x7150 N 0x7154
0xdf4 N 0xdf8
0xdd40 N 0xdd44
0x666dbe30 N 0x666dbe34
0x46bec N 0x46bf0
0xd40 N 0xd44
0xbf0 N 0xbf4
0x1f45d4 N 0x1f45d8
0xcd68 N 0xcd6c
0xbf0 N 0xbf4
0x6d55ab0 N 0x6d55ab4
0xa9d0cc N 0xa9d0d0
0x678bcd4 N 0x678bcd8
0xdd40 N 0xdd44
0x1f04 N 0x1f08
0xd5cb774 N 0xd5cb778
0x8368 N 0x836c
0xb654480 N 0xb654484
0x1f45d4 N 0x1f45d8
0x7d70397c N 0x7d703980
0x8368 N 0x836c
0x666dbe30 N 0x666dbe34
0xa9d0cc N 0xa9d0d0
0xcaa9a4c N 0xcaa9a50
0x7a8 N 0x7ac
0xf427504 N 0xf427508
0xcaa9a4c N 0xcaa9a50
0xa6c04 N 0xa6c08
0x1646fb0 N 0x1646fb4
0xf427504 N 0xf427508
0xd5cb774 N 0xd5cb778
0x42c61844 N 0x42c61848
0x7d70397c N 0x7d703980
0x9c25c N 0x9c260
0x46bec N 0x46bf0
0xd40 N 0xd44
0x4988ab4 N 0x4988ab8
0xcaa9a4c N 0xcaa9a50
0x46bec N 0x46bf0
0x7150 N 0x7154
0xdf4 N 0xdf8
0x666dbe30 N 0x666dbe34
0xf352b6cc N 0xf352b6d0
0xf352b6cc N 0xf352b6d0
0xd40 N 0xd44
0x7f4c N 0x7f50
0x25c6bf4 N 0x25c6bf8
0x4988ab4 N 0x4988ab8
0x678bcd4 N 0x678bcd8
0xdf4 N 0xdf8
0x47aac N 0x47ab0
0x42c61844 N 0x42c61848
0x9c25c T 0x3e8
0x25c6bf4 N 0x25c6bf8
0x7f4c N 0x7f50
0xc6738 N 0xc673c
0x1646fb0 N 0x1646fb4
0x1646fb0 N 0x1646fb4
0x25c6bf4 T 0x6be0
0x666dbe30 N 0x666dbe34
0x9c25c T 0x3e8
0x7d70397c N 0x7d703980
0x1646fb0 N 0x1646fb4
0x7150 N 0x7154
0x6a64 N 0x6a68
0x1f04 N 0x1f08
0x8ee4c4 N 0x8ee4c8
0xcaa9a4c N 0xcaa9a50
0x678bcd4 N 0x678bcd8
0xdd40 N 0xdd44
0xa9d0cc N 0xa9d0d0
0x2ec N 0x2f0
0x47aac N 0x47ab0
0xbf0 N 0xbf4
0xff8c0 N 0xff8c4
0x2b6b4 N 0x2b6b8
0x4988ab4 N 0x4988ab8
0x1f45d4 N 0x1f45d8
0xf352b6cc N 0xf352b6d0
0xfff9fc4 N 0xfff9fc8
0x9c25c N 0x9c260
0xa9d0cc N 0xa9d0d0
0xc6738 N 0xc673c
0x46bec N 0x46bf0
0xcaa9a4c N 0xcaa9a50
0x6a64 N 0x6a68
0xcd68 N 0xcd6c
0x7150 N 0x7154
0xfff9fc4 N 0xfff9fc8
0xcaa9a4c T 0x1bc
0x6a64 N 0x6a68
0xcaa9a4c N 0xcaa9a50
0x6a64 N 0x6a68
0xbf0 N 0xbf4
0x7150 N 0x7154
0x4988ab4 N 0x4988ab8
0xff8c0 N 0xff8c4
0xff8c0 N 0xff8c4
0x8ee4c4 N 0x8ee4c8
0x7f4c N 0x7f50
flush_num: 50, br_num: 104, size: 568b
