0x97e9904 N 0x97e9908
0x44430 N 0x44434
0x2a3948 N 0x2a394c
0x44430 N 0x44434
0x2f8 N 0x2fc
0x878 N 0x87c
0x38c0 N 0x38c4
0x2c521ac N 0x2c521b0
0x7abe83c N 0x7abe840
0xa47f125c N 0xa47f1260
0x44430 N 0x44434
0x8c1554 N 0x8c1558
0xf0d8 N 0xf0dc
0x878 N 0x87c
0x8316aa78 N 0x8316aa7c
0x998b04ac N 0x998b04b0
0xf2dd34 N 0xf2dd38
0xa6d9d0 N 0xa6d9d4
0x38c0 N 0x38c4
0x75cc0 N 0x75cc4
0xa47f125c N 0xa47f1260
0x38c0 N 0x38c4
0x7abe83c N 0x7abe840
0x38c0 N 0x38c4
0x7abe83c N 0x7abe840
0x48a8e8 N 0x48a8ec
0x25c91a6c N 0x25c91a70
0x878 N 0x87c
0x7abe83c N 0x7abe840
0x44430 N 0x44434
0x97e9904 N 0x97e9908
0xa6d9d0 N 0xa6d9d4
0xf2dd34 N 0xf2dd38
0x8316aa78 N 0x8316aa7c
0x600 N 0x604
0x75cc0 N 0x75cc4
0x25c91a6c N 0x25c91a70
0xd8270 N 0xd8274
0x878 N 0x87c
0x48a8e8 N 0x48a8ec
0x3d84 N 0x3d88
0x600 N 0x604
0x59f5b8 N 0x59f5bc
0x48a8e8 N 0x48a8ec
0xa6d9d0 N 0xa6d9d4
0x3d84 T 0x73d78cc
0x878 N 0x87c
0x998b04ac N 0x998b04b0
flush_num: 23, br_num: 48, size: 104b
