0x5084 N 0x5088
0x901287c N 0x9012880
0x8c9cc N 0x8c9d0
0x8c9cc T 0x26fd0a4
0x901287c N 0x9012880
0x2374 N 0x2378
0x9bb1cc N 0x9bb1d0
0x901287c N 0x9012880
0xa2081168 N 0xa208116c
0x560bb1d8 N 0x560bb1dc
0xfcea8 N 0xfceac
0x95bc4 N 0x95bc8
0x505adc60 N 0x505adc64
0x1f0d8 N 0x1f0dc
0x1f0d8 N 0x1f0dc
0xd44 N 0xd48
0x9bb1cc N 0x9bb1d0
0x560bb1d8 N 0x560bb1dc
0xfcea8 N 0xfceac
0x3d0ab8ac N 0x3d0ab8b0
0x3d0ab8ac N 0x3d0ab8b0
0x9bb1cc N 0x9bb1d0
0x2374 N 0x2378
0x901287c N 0x9012880
0xf00 N 0xf04
0x5424 N 0x5428
0x560bb1d8 N 0x560bb1dc
0x5084 N 0x5088
0x72f888 N 0x72f88c
0xd8dac N 0xd8db0
0x1f0d8 N 0x1f0dc
0x1f0d8 T 0x20633e98
0x674f65c N 0x674f660
0x27c N 0x280
0x5424 N 0x5428
0x4ac0b50c N 0x4ac0b510
0x9bb1cc N 0x9bb1d0
0x8c9cc N 0x8c9d0
0x8c9cc T 0x26fd0a4
0xd8dac N 0xd8db0
0x505adc60 N 0x505adc64
0x674f65c N 0x674f660
0xfcea8 N 0xfceac
0xdb8e0 N 0xdb8e4
0xb0d288 N 0xb0d28c
0x2374 N 0x2378
0x8c9cc N 0x8c9d0
0xd8dac N 0xd8db0
0x5424 N 0x5428
0x901287c N 0x9012880
0x2374 N 0x2378
0x901287c N 0x9012880
0x71e272f8 N 0x71e272fc
0x5b9f3318 N 0x5b9f331c
0x95bc4 N 0x95bc8
0x2374 N 0x2378
0x5424 N 0x5428
0x674f65c N 0x674f660
0xdca32b0 N 0xdca32b4
0xb411cde8 N 0xb411cdec
0xdca32b0 N 0xdca32b4
0x32e68 N 0x32e6c
0x5084 N 0x5088
0x95bc4 N 0x95bc8
0x901287c N 0x9012880
0xdb8e0 N 0xdb8e4
0xdca32b0 N 0xdca32b4
0xf00 N 0xf04
0xcea4 N 0xcea8
0xd037a8 N 0xd037ac
0x4ac0b50c N 0x4ac0b510
0xd8dac N 0xd8db0
0x3d0ab8ac N 0x3d0ab8b0
0x32e68 N 0x32e6c
0x72f888 N 0x72f88c
0x674f65c N 0x674f660
0x8c9cc N 0x8c9d0
0xdca32b0 N 0xdca32b4
0x27c N 0x280
0xd44 N 0xd48
0x505adc60 N 0x505adc64
0x8c9cc N 0x8c9d0
0x5b9f3318 N 0x5b9f331c
0xd44 N 0xd48
0x65d8 N 0x65dc
0x560bb1d8 N 0x560bb1dc
0xdca32b0 N 0xdca32b4
0x5b9f3318 N 0x5b9f331c
0x95bc4 N 0x95bc8
0x901287c N 0x9012880
0xd44 N 0xd48
0x5084 N 0x5088
0x505adc60 N 0x505adc64
0x1f0d8 N 0x1f0dc
0x901287c N 0x9012880
0xd037a8 N 0xd037ac
0x5424 N 0x5428
0x1f0d8 N 0x1f0dc
0x32e68 N 0x32e6c
0x72f888 N 0x72f88c
0x71e272f8 N 0x71e272fc
0xdca32b0 N 0xdca32b4
0x1f0d8 N 0x1f0dc
flush_num: 59, br_num: 103, size: 100b
