0x1cb2c N 0x1cb30
0xcf7ca4 N 0xcf7ca8
0x18d2c N 0x18d30
0x4e69ac N 0x4e69b0
0xbb5bc N 0xbb5c0
0x231904 N 0x231908
0xcbfa0408 N 0xcbfa040c
0x5bf458c N 0x5bf4590
0xe4e0 N 0xe4e4
0xca5c N 0xca60
0xe4e0 N 0xe4e4
0x1cb2c N 0x1cb30
0xc4848 N 0xc484c
0x61469ca8 N 0x61469cac
0xcf7ca4 N 0xcf7ca8
0xcf7ca4 N 0xcf7ca8
0x5bf458c N 0x5bf4590
0x446704 N 0x446708
0xca5c N 0xca60
0xe0f4 N 0xe0f8
0x4e69ac N 0x4e69b0
0x18d2c N 0x18d30
0x12f20 N 0x12f24
0x61469ca8 N 0x61469cac
0xe0f4 N 0xe0f8
0x5bf458c N 0x5bf4590
0xc4848 N 0xc484c
0x7daf50 N 0x7daf54
0xf42c N 0xf430
0x958c N 0x9590
0xc4848 N 0xc484c
0xe0f4 N 0xe0f8
0x12f20 N 0x12f24
0xe4e0 N 0xe4e4
0xcbfa0408 N 0xcbfa040c
0xcbfa0408 N 0xcbfa040c
0x18d2c N 0x18d30
0xf42c N 0xf430
0x1cb2c N 0x1cb30
0xcf7ca4 N 0xcf7ca8
0x4e69ac N 0x4e69b0
0x18d2c N 0x18d30
0xcbfa0408 N 0xcbfa040c
0xcbfa0408 N 0xcbfa040c
0x12f20 N 0x12f24
0xf42c N 0xf430
0x79c6884 N 0x79c6888
0xcbfa0408 N 0xcbfa040c
0x61469ca8 N 0x61469cac
0x958c N 0x9590
0x1cb2c N 0x1cb30
0xe0f4 N 0xe0f8
0x4e69ac N 0x4e69b0
0x12f20 N 0x12f24
0x18d2c N 0x18d30
0xcf7ca4 N 0xcf7ca8
0xc4848 N 0xc484c
0xaffdc N 0xaffe0
0xc4848 N 0xc484c
0xcf7ca4 N 0xcf7ca8
0x79c6884 N 0x79c6888
0x231904 N 0x231908
0x18d2c N 0x18d30
0x446704 N 0x446708
0xca5c N 0xca60
0x7daf50 N 0x7daf54
0xf42c N 0xf430
0xf42c N 0xf430
0xc4848 N 0xc484c
0x1cb2c N 0x1cb30
0xe4e0 N 0xe4e4
0x16a0 N 0x16a4
0x61469ca8 N 0x61469cac
0xbb5bc N 0xbb5c0
0x1cb2c N 0x1cb30
0x79c6884 N 0x79c6888
0x7daf50 N 0x7daf54
0xc4848 N 0xc484c
0x231904 N 0x231908
0x16a0 N 0x16a4
0x4e69ac N 0x4e69b0
0xaffdc N 0xaffe0
0xc4848 N 0xc484c
0x12f20 N 0x12f24
0x958c N 0x9590
0xcbfa0408 N 0xcbfa040c
0xc4848 N 0xc484c
0xcbfa0408 N 0xcbfa040c
0x61469ca8 N 0x61469cac
0x79c6884 N 0x79c6888
0x7daf50 N 0x7daf54
0x231904 N 0x231908
0x231904 N 0x231908
0xca5c N 0xca60
0x18d2c N 0x18d30
0x7daf50 N 0x7daf54
0xca5c N 0xca60
0xe0f4 N 0xe0f8
0x7daf50 N 0x7daf54
0xca5c N 0xca60
0xcbfa0408 N 0xcbfa040c
0xf42c N 0xf430
0x446704 N 0x446708
0x12f20 N 0x12f24
0x5bf458c N 0x5bf4590
0x18d2c N 0x18d30
0xca5c N 0xca60
0xca5c N 0xca60
0x958c N 0x9590
0xe4e0 N 0xe4e4
0x958c N 0x9590
0xf42c N 0xf430
0xe4e0 N 0xe4e4
0x231904 N 0x231908
0x231904 N 0x231908
0xcbfa0408 N 0xcbfa040c
0x18d2c N 0x18d30
0xca5c N 0xca60
0xe0f4 N 0xe0f8
0x5bf458c N 0x5bf4590
0xf42c N 0xf430
0x1cb2c N 0x1cb30
0xcf7ca4 N 0xcf7ca8
0x61469ca8 N 0x61469cac
0xca5c N 0xca60
0xaffdc N 0xaffe0
0xcbfa0408 N 0xcbfa040c
0xcbfa0408 N 0xcbfa040c
0x958c N 0x9590
0x1cb2c N 0x1cb30
0xca5c N 0xca60
0x4e69ac N 0x4e69b0
0x12f20 N 0x12f24
0x16a0 N 0x16a4
0xe4e0 N 0xe4e4
0xe4e0 N 0xe4e4
0x5bf458c N 0x5bf4590
0x1cb2c N 0x1cb30
0x231904 N 0x231908
0x61469ca8 N 0x61469cac
0xc4848 N 0xc484c
0x1cb2c N 0x1cb30
0xc4848 N 0xc484c
0xbb5bc N 0xbb5c0
0xcbfa0408 N 0xcbfa040c
0x79c6884 N 0x79c6888
0x79c6884 N 0x79c6888
0x1cb2c N 0x1cb30
0x7daf50 N 0x7daf54
0x12f20 N 0x12f24
0x7daf50 N 0x7daf54
flush_num: 79, br_num: 151, size: 2832b
