0x6a7e8 N 0x6a7ec
0x6dd18 N 0x6dd1c
0xce797d0 N 0xce797d4
0xecca00 N 0xecca04
0x7922124 N 0x7922128
0x917eb8 N 0x917ebc
0x57e2ef0 N 0x57e2ef4
0x917eb8 N 0x917ebc
0x25f74 N 0x25f78
0xb88 N 0xb8c
0xdd4 N 0xdd8
0x6a7e8 N 0x6a7ec
0xbc8 N 0xbcc
0x630 N 0x634
0x7922124 N 0x7922128
0x91594 N 0x91598
0x688fb60c N 0x688fb610
0x7642e000 N 0x7642e004
0x7642e000 T 0x9a172e78
0x2b10 N 0x2b14
0x66a6a0 N 0x66a6a4
0x77b4 N 0x77b8
0x89d0e1b8 N 0x89d0e1bc
0x134d014 N 0x134d018
0x2b10 N 0x2b14
0x7642e000 N 0x7642e004
0xecca00 N 0xecca04
0xe7f4 N 0xe7f8
0x301e89fc N 0x301e8a00
0x91594 N 0x91598
0xecca00 N 0xecca04
0x484 N 0x488
0x484 T 0xb2a4
0x91594 N 0x91598
0x6dd18 N 0x6dd1c
0xdd4 N 0xdd8
0x2a2202c N 0x2a22030
0x484 N 0x488
0x2869de8 N 0x2869dec
0x48a908 N 0x48a90c
0x91594 N 0x91598
0x25f74 N 0x25f78
0x630 N 0x634
0x484 N 0x488
flush_num: 22, br_num: 44, size: 569b
