0xa0f0 N 0xa0f4
0x891b1c0 N 0x891b1c4
0xa3cd8 N 0xa3cdc
0xa0f0 N 0xa0f4
0x891b1c0 N 0x891b1c4
0x891b1c0 N 0x891b1c4
0x84b8 N 0x84bc
0xd64 N 0xd68
0xa3cd8 N 0xa3cdc
0x9edaf28 N 0x9edaf2c
0x9edaf28 N 0x9edaf2c
0x84b8 T 0x5da7988
0x8fef64 N 0x8fef68
0xa3cd8 N 0xa3cdc
0x9edaf28 N 0x9edaf2c
0x891b1c0 T 0x9a214
0x8fef64 T 0xe7ce874
0x8fef64 N 0x8fef68
0xd64 N 0xd68
0x9edaf28 N 0x9edaf2c
0x9edaf28 N 0x9edaf2c
0xd64 N 0xd68
0x8fef64 N 0x8fef68
0x8fef64 N 0x8fef68
0xd64 N 0xd68
0xa3cd8 T 0xc28504d0
0x84b8 T 0x5da7988
0x9edaf28 N 0x9edaf2c
0x8fef64 N 0x8fef68
0xa3cd8 T 0xc28504d0
0x84b8 T 0x5da7988
0x891b1c0 T 0x9a214
0x9edaf28 N 0x9edaf2c
0x8fef64 N 0x8fef68
0xd64 N 0xd68
0x891b1c0 T 0x9a214
0x8fef64 N 0x8fef68
0x8fef64 T 0xe7ce874
0x9edaf28 T 0xfabb0
0x9edaf28 N 0x9edaf2c
0xa3cd8 N 0xa3cdc
0x9edaf28 N 0x9edaf2c
0x84b8 N 0x84bc
0xa0f0 N 0xa0f4
0x8fef64 T 0xe7ce874
0xa3cd8 N 0xa3cdc
0x8fef64 N 0x8fef68
flush_num: 23, br_num: 47, size: 628b
