0x9841364 N 0x9841368
0xa14c5e90 N 0xa14c5e94
0x8f8 N 0x8fc
0x7b61818 N 0x7b6181c
0xe791b8 N 0xe791bc
0xbc66b534 N 0xbc66b538
0xb945a44 N 0xb945a48
0x81ee70 N 0x81ee74
0x8f8 N 0x8fc
0x6a7c N 0x6a80
0x150c N 0x1510
0xe791b8 N 0xe791bc
0x7a0 N 0x7a4
0xa14c5e90 N 0xa14c5e94
0xa14c5e90 N 0xa14c5e94
0xc4fbc N 0xc4fc0
0x5c99ac0 N 0x5c99ac4
0x989bc60 N 0x989bc64
0x989bc60 N 0x989bc64
0x989bc60 N 0x989bc64
0x6a7c N 0x6a80
0xd2c N 0xd30
0x9841364 N 0x9841368
0xa14c5e90 N 0xa14c5e94
0xe791b8 N 0xe791bc
0x6a7c N 0x6a80
0x7a0 N 0x7a4
0x39c N 0x3a0
0xc4fbc N 0xc4fc0
0x150c N 0x1510
0xb945a44 N 0xb945a48
0xbc66b534 N 0xbc66b538
0xe74ccc N 0xe74cd0
0xbc66b534 N 0xbc66b538
0x7e4d4 N 0x7e4d8
0xe5640c38 N 0xe5640c3c
0xe791b8 N 0xe791bc
0x7e4d4 N 0x7e4d8
0xfe14b650 N 0xfe14b654
0x9841364 N 0x9841368
0x61bdd0 N 0x61bdd4
0x989bc60 N 0x989bc64
0x39c N 0x3a0
0xb945a44 N 0xb945a48
flush_num: 21, br_num: 44, size: 646b
