0xb5b8 N 0xb5bc
0x8a260 N 0x8a264
0xb5b8 T 0xa2e9e14
0x8a260 T 0xdc5fe0
0x8a260 T 0xdc5fe0
0x8a260 N 0x8a264
0x8a260 T 0xdc5fe0
0xb5b8 T 0xa2e9e14
0x8a260 T 0xdc5fe0
0xb5b8 T 0xa2e9e14
0xb5b8 T 0xa2e9e14
0xb5b8 T 0xa2e9e14
0x8a260 T 0xdc5fe0
0x8a260 T 0xdc5fe0
0xb5b8 T 0xa2e9e14
0xb5b8 N 0xb5bc
0x8a260 T 0xdc5fe0
0xb5b8 T 0xa2e9e14
0xb5b8 T 0xa2e9e14
0xb5b8 T 0xa2e9e14
0x8a260 T 0xdc5fe0
0xb5b8 T 0xa2e9e14
0xb5b8 T 0xa2e9e14
0x8a260 T 0xdc5fe0
0xb5b8 T 0xa2e9e14
0x8a260 N 0x8a264
0xb5b8 T 0xa2e9e14
0xb5b8 N 0xb5bc
0x8a260 N 0x8a264
0xb5b8 N 0xb5bc
0xb5b8 T 0xa2e9e14
0xb5b8 T 0xa2e9e14
0x8a260 T 0xdc5fe0
0xb5b8 T 0xa2e9e14
0x8a260 T 0xdc5fe0
0x8a260 T 0xdc5fe0
0xb5b8 N 0xb5bc
0x8a260 N 0x8a264
0x8a260 T 0xdc5fe0
0x8a260 N 0x8a264
0xb5b8 T 0xa2e9e14
0x8a260 N 0x8a264
0x8a260 T 0xdc5fe0
0xb5b8 T 0xa2e9e14
0xb5b8 N 0xb5bc
0xb5b8 T 0xa2e9e14
0xb5b8 T 0xa2e9e14
0xb5b8 T 0xa2e9e14
0xb5b8 T 0xa2e9e14
0xb5b8 T 0xa2e9e14
0xb5b8 T 0xa2e9e14
0x8a260 T 0xdc5fe0
0xb5b8 T 0xa2e9e14
0x8a260 N 0x8a264
0xb5b8 T 0xa2e9e14
0xb5b8 N 0xb5bc
0xb5b8 T 0xa2e9e14
0x8a260 T 0xdc5fe0
0x8a260 T 0xdc5fe0
0xb5b8 T 0xa2e9e14
0xb5b8 T 0xa2e9e14
0xb5b8 T 0xa2e9e14
0xb5b8 T 0xa2e9e14
0xb5b8 T 0xa2e9e14
0xb5b8 N 0xb5bc
0xb5b8 T 0xa2e9e14
0xb5b8 T 0xa2e9e14
0xb5b8 T 0xa2e9e14
0xb5b8 T 0xa2e9e14
0x8a260 T 0xdc5fe0
0x8a260 N 0x8a264
0xb5b8 T 0xa2e9e14
0xb5b8 N 0xb5bc
0xb5b8 T 0xa2e9e14
0xb5b8 N 0xb5bc
0xb5b8 N 0xb5bc
0x8a260 T 0xdc5fe0
0xb5b8 T 0xa2e9e14
0xb5b8 T 0xa2e9e14
0x8a260 N 0x8a264
0x8a260 N 0x8a264
0xb5b8 T 0xa2e9e14
0xb5b8 T 0xa2e9e14
0xb5b8 N 0xb5bc
0xb5b8 T 0xa2e9e14
0x8a260 T 0xdc5fe0
0x8a260 T 0xdc5fe0
0x8a260 N 0x8a264
0xb5b8 T 0xa2e9e14
0x8a260 N 0x8a264
0x8a260 N 0x8a264
0xb5b8 T 0xa2e9e14
0x8a260 T 0xdc5fe0
0xb5b8 T 0xa2e9e14
0xb5b8 T 0xa2e9e14
0xb5b8 T 0xa2e9e14
0x8a260 N 0x8a264
0x8a260 N 0x8a264
0x8a260 N 0x8a264
0xb5b8 T 0xa2e9e14
0x8a260 N 0x8a264
0x8a260 T 0xdc5fe0
0x8a260 N 0x8a264
0xb5b8 T 0xa2e9e14
0xb5b8 T 0xa2e9e14
0xb5b8 N 0xb5bc
0x8a260 T 0xdc5fe0
0x8a260 N 0x8a264
0x8a260 N 0x8a264
0x8a260 N 0x8a264
0x8a260 N 0x8a264
0xb5b8 T 0xa2e9e14
0x8a260 T 0xdc5fe0
0xb5b8 N 0xb5bc
0x8a260 N 0x8a264
0xb5b8 T 0xa2e9e14
0x8a260 N 0x8a264
0xb5b8 T 0xa2e9e14
0x8a260 N 0x8a264
0xb5b8 T 0xa2e9e14
0xb5b8 T 0xa2e9e14
0x8a260 N 0x8a264
0xb5b8 N 0xb5bc
0x8a260 N 0x8a264
0xb5b8 T 0xa2e9e14
0xb5b8 T 0xa2e9e14
0x8a260 N 0x8a264
0xb5b8 N 0xb5bc
flush_num: 65, br_num: 128, size: 1890b
