0x80bc N 0x80c0
0x17137db8 N 0x17137dbc
0x1641f98 N 0x1641f9c
0x663117cc N 0x663117d0
0x1724 N 0x1728
0x90c N 0x910
0x1641f98 T 0x14dc
0x6ac N 0x6b0
0xf480 N 0xf484
0xf480 T 0x9e1be6f0
0xc01154 N 0xc01158
0x9e1b838 N 0x9e1b83c
0xe6c N 0xe70
0x1724 N 0x1728
0xc01154 N 0xc01158
0x848 N 0x84c
0x80bc N 0x80c0
0x39618 N 0x3961c
0xe6c N 0xe70
0x848 N 0x84c
0x17137db8 N 0x17137dbc
0x80bc N 0x80c0
0x6ac N 0x6b0
0x39618 N 0x3961c
0xef10 N 0xef14
0x5d97eb0 N 0x5d97eb4
0xf480 N 0xf484
0x49eb49b8 N 0x49eb49bc
0x1724 N 0x1728
0x9e1b838 N 0x9e1b83c
0xfe6d7c N 0xfe6d80
0xadd88 N 0xadd8c
0x314 N 0x318
0x17137db8 N 0x17137dbc
0xf480 T 0x9e1be6f0
0x9ca86828 N 0x9ca8682c
0x49eb49b8 N 0x49eb49bc
0x1724 N 0x1728
0x6ac N 0x6b0
0x839fc N 0x83a00
0x6ac N 0x6b0
0x5d97eb0 N 0x5d97eb4
0xef10 N 0xef14
0xf480 N 0xf484
0xf480 T 0x9e1be6f0
0x314 N 0x318
0x39618 N 0x3961c
0x314 T 0x1c54
0xe6c N 0xe70
0x1641f98 N 0x1641f9c
0x81c N 0x820
0x5d97eb0 N 0x5d97eb4
0x6794 N 0x6798
0x49eb49b8 N 0x49eb49bc
0xc01154 N 0xc01158
0xef10 N 0xef14
0xef10 N 0xef14
0x8ba9d8cc N 0x8ba9d8d0
0xadd88 N 0xadd8c
0x80bc N 0x80c0
0x9ca86828 N 0x9ca8682c
0x1724 N 0x1728
0x314 N 0x318
0x9e1b838 N 0x9e1b83c
0x848 N 0x84c
0x80bc N 0x80c0
0x6ac N 0x6b0
0x848 T 0xa3efd40
0x39618 N 0x3961c
0x663117cc N 0x663117d0
0x6ac N 0x6b0
0x848 N 0x84c
0x80bc N 0x80c0
0xf480 N 0xf484
0xe6c N 0xe70
0xef10 N 0xef14
0x6e4 N 0x6e8
0x9ca86828 N 0x9ca8682c
0x314 N 0x318
0x663117cc N 0x663117d0
0xc01154 N 0xc01158
0x1641f98 N 0x1641f9c
0x1641f98 T 0x14dc
0x314 N 0x318
0x17137db8 N 0x17137dbc
0x5d97eb0 N 0x5d97eb4
0x80bc N 0x80c0
0xfe6d7c N 0xfe6d80
0x8ba9d8cc N 0x8ba9d8d0
0xe6c N 0xe70
0xef10 N 0xef14
0x17137db8 T 0x5eda50
0xc01154 N 0xc01158
0x90c N 0x910
0x1641f98 N 0x1641f9c
0x6794 N 0x6798
0x6ac N 0x6b0
0x8ba9d8cc N 0x8ba9d8d0
0xc01154 N 0xc01158
0xc01154 N 0xc01158
0x663117cc N 0x663117d0
0x39618 N 0x3961c
0x5d97eb0 N 0x5d97eb4
0x90c N 0x910
0x6e4 N 0x6e8
0x6794 N 0x6798
0x6e4 N 0x6e8
0x6794 N 0x6798
0xadd88 N 0xadd8c
0x1724 N 0x1728
0x1724 T 0x1b8
0x663117cc N 0x663117d0
0xe6c N 0xe70
0x80bc N 0x80c0
0x17137db8 N 0x17137dbc
0xef10 N 0xef14
0x39618 N 0x3961c
0xef10 T 0xf09ec4
0xfe6d7c N 0xfe6d80
0x9ca86828 N 0x9ca8682c
0x848 N 0x84c
0x81c N 0x820
0x839fc N 0x83a00
0x9e1b838 N 0x9e1b83c
0xfe6d7c N 0xfe6d80
0x39618 N 0x3961c
0xef10 N 0xef14
0x1641f98 N 0x1641f9c
0x5d97eb0 N 0x5d97eb4
0x663117cc N 0x663117d0
0x848 N 0x84c
0x314 N 0x318
0x6ac N 0x6b0
0x848 T 0xa3efd40
0x1641f98 N 0x1641f9c
0x839fc N 0x83a00
0x9e1b838 N 0x9e1b83c
0xef10 N 0xef14
0x839fc T 0xc254
0x6ac N 0x6b0
0xef10 T 0xf09ec4
flush_num: 67, br_num: 141, size: 456b
