0x47c0 N 0x47c4
0x61a7bc8 N 0x61a7bcc
0x9554f70 N 0x9554f74
0xe26cbc N 0xe26cc0
0xe242784 N 0xe242788
0x505c N 0x5060
0xc7efed4 N 0xc7efed8
0x8fc34 N 0x8fc38
0x505c N 0x5060
0x1828 N 0x182c
0xec7d8 N 0xec7dc
0x3e010 N 0x3e014
0x141c019c N 0x141c01a0
0xb94f154 N 0xb94f158
0x47c0 N 0x47c4
0x141c019c N 0x141c01a0
0x61a7bc8 N 0x61a7bcc
0x141c019c N 0x141c01a0
0xc585c N 0xc5860
0xec7d8 N 0xec7dc
0x141c019c N 0x141c01a0
0xb4 N 0xb8
0xb94f154 N 0xb94f158
0x3e010 N 0x3e014
0x1828 N 0x182c
0xe26cbc N 0xe26cc0
0x8fc34 N 0x8fc38
0x141c019c N 0x141c01a0
0x4394 N 0x4398
0xb4 N 0xb8
0xc7efed4 N 0xc7efed8
0x47c0 N 0x47c4
0xe26cbc N 0xe26cc0
0x61a7bc8 N 0x61a7bcc
0x61a7bc8 N 0x61a7bcc
0x430 N 0x434
0xe26cbc N 0xe26cc0
0xc7efed4 N 0xc7efed8
0xc585c N 0xc5860
0x4a38 N 0x4a3c
0x61a7bc8 N 0x61a7bcc
0x505c N 0x5060
0x47c0 N 0x47c4
0x61a7bc8 N 0x61a7bcc
0xe242784 N 0xe242788
0x505c N 0x5060
0xc7efed4 N 0xc7efed8
0x141c019c N 0x141c01a0
0x4b1c N 0x4b20
0x4b1c N 0x4b20
0x4b1c N 0x4b20
0x54177b4 N 0x54177b8
0xb94f154 N 0xb94f158
0x9554f70 N 0x9554f74
0xe26cbc N 0xe26cc0
0xc112c8 N 0xc112cc
0x4394 N 0x4398
0x9554f70 N 0x9554f74
0xe26cbc N 0xe26cc0
0x4a38 N 0x4a3c
0xc585c N 0xc5860
0xe242784 N 0xe242788
0x4394 N 0x4398
0xc7efed4 N 0xc7efed8
0xc585c N 0xc5860
0x4394 N 0x4398
0x3e010 N 0x3e014
0xb4 N 0xb8
0x38cd98 N 0x38cd9c
0xc7efed4 N 0xc7efed8
0x38cd98 N 0x38cd9c
0x505c N 0x5060
0xb4 N 0xb8
flush_num: 33, br_num: 73, size: 1175b
