0x14bc N 0x14c0
0x1d60200 N 0x1d60204
0x14bc T 0x8ec3285c
0x92bc T 0x8ec3285c
0x1d60200 T 0xe9ab40
0x1d60200 T 0xe9ab40
0x2402c N 0x24030
0x1d60200 T 0xe9ab40
0x1d60200 T 0xe9ab40
0xd14 N 0xd18
0x2402c N 0x24030
0x1d60200 T 0xe9ab40
0xd14 T 0x9138ad28
0xe8dec N 0xe8df0
0x14bc T 0xf6455358
0x2402c N 0x24030
0x92bc T 0x8ec3285c
0x1d60200 T 0xe9ab40
0xfb78c4 N 0xfb78c8
0x42ffc204 N 0x42ffc208
0x74f74 N 0x74f78
flush_num: 9, br_num: 21, size: 2376b
