0x73fa564 N 0x73fa568
0x10f8 N 0x10fc
0xd59bd244 N 0xd59bd248
0x618f63c8 N 0x618f63cc
0x4c8 T 0xbec
0x618f63c8 T 0x7099f8
0x71274 N 0x71278
0x73c3c N 0x73c40
0x9fc4 T 0x29c8
0xb3068 N 0xb306c
0xf4084da4 N 0xf4084da8
0xa1cc N 0xa1d0
0x80c4 T 0xc64924
0xa968 T 0xb075c
0xb274 T 0xce44624
flush_num: 11, br_num: 15, size: 1152b
