0x1fc N 0x200
0x8ee79c4 N 0x8ee79c8
0x3e1b4 N 0x3e1b8
0xf3f3ece4 N 0xf3f3ece8
0x1cc0 N 0x1cc4
0xc5410c N 0xc54110
0x4f0 N 0x4f4
0x228bca98 N 0x228bca9c
0xc5410c N 0xc54110
0x8ee79c4 N 0x8ee79c8
0x1cc0 N 0x1cc4
0xfe98 N 0xfe9c
0x41d8a914 N 0x41d8a918
0x1cc0 N 0x1cc4
0xa987a0 N 0xa987a4
0xc5410c T 0xd5e0
0x3e1b4 N 0x3e1b8
0x8ee79c4 N 0x8ee79c8
0xa987a0 N 0xa987a4
0x3e1b4 N 0x3e1b8
0xc5410c N 0xc54110
0xf3f3ece4 N 0xf3f3ece8
0x2129a524 N 0x2129a528
0xfe98 N 0xfe9c
0x41d8a914 N 0x41d8a918
0x2129a524 N 0x2129a528
0xf3f3ece4 T 0x23a0
0x2129a524 N 0x2129a528
0x4f0 N 0x4f4
0x41d8a914 N 0x41d8a918
0xfe98 T 0x2df724
0x228bca98 N 0x228bca9c
0x1fc N 0x200
0x1cc0 N 0x1cc4
0x16df4ef4 N 0x16df4ef8
0x4f0 N 0x4f4
0x2129a524 N 0x2129a528
0xf3f3ece4 N 0xf3f3ece8
0x1cc0 N 0x1cc4
0x1cc0 N 0x1cc4
0xc5410c N 0xc54110
0x8ee79c4 N 0x8ee79c8
0x1fc N 0x200
0x1a333c T 0xb64170e0
0x16df4ef4 N 0x16df4ef8
0x2129a524 N 0x2129a528
0x1a333c N 0x1a3340
0xc5410c N 0xc54110
0x41d8a914 N 0x41d8a918
0x2129a524 N 0x2129a528
0x41d8a914 N 0x41d8a918
0x4f0 N 0x4f4
0x8ee79c4 N 0x8ee79c8
0x3e1b4 N 0x3e1b8
0x3e1b4 T 0x76fc3e4
0x54d078a0 N 0x54d078a4
0x41d8a914 N 0x41d8a918
0x3e1b4 N 0x3e1b8
0xc5410c T 0xd5e0
0x1fc N 0x200
0xa987a0 T 0x164
0x1cc0 N 0x1cc4
0x1cc0 N 0x1cc4
0xa987a0 N 0xa987a4
0x16df4ef4 N 0x16df4ef8
0x3294938 N 0x329493c
0x8ee79c4 N 0x8ee79c8
0xa987a0 N 0xa987a4
0x228bca98 N 0x228bca9c
0x1fc N 0x200
0x3e1b4 N 0x3e1b8
0xfe98 T 0x87b13ec0
0x1a333c N 0x1a3340
0x54d078a0 T 0xf10ca88
0xc5410c N 0xc54110
0x4f0 N 0x4f4
0x1a333c N 0x1a3340
0xfe98 N 0xfe9c
0x41d8a914 N 0x41d8a918
0xfe98 T 0x2df724
0xf3f3ece4 N 0xf3f3ece8
0x16df4ef4 N 0x16df4ef8
0x1fc N 0x200
0x16df4ef4 N 0x16df4ef8
0xf3f3ece4 N 0xf3f3ece8
0xc5410c N 0xc54110
0xa987a0 N 0xa987a4
0x54d078a0 N 0x54d078a4
0x1fc N 0x200
0x4f0 N 0x4f4
0x8ee79c4 N 0x8ee79c8
0xfe98 T 0x2df724
0x4f0 T 0xc7914
0x1fc N 0x200
0x1a333c T 0xb64170e0
0xc5410c N 0xc54110
0xf3f3ece4 N 0xf3f3ece8
0x3294938 N 0x329493c
0xfe98 N 0xfe9c
0x228bca98 N 0x228bca9c
0x1a333c N 0x1a3340
0x3e1b4 N 0x3e1b8
0x41d8a914 N 0x41d8a918
0x41d8a914 N 0x41d8a918
0x228bca98 T 0x87b13ec0
flush_num: 49, br_num: 105, size: 142b
