0xf73fb98 N 0xf73fb9c
0xaba89634 N 0xaba89638
0x5ef090 N 0x5ef094
0x3f488 N 0x3f48c
0xfc243604 N 0xfc243608
0x5f70 N 0x5f74
0x23d108ac N 0x23d108b0
0x2b767c8 N 0x2b767cc
0xf77dab50 N 0xf77dab54
0x9b17858 N 0x9b1785c
0x84f526c N 0x84f5270
0x5ef090 N 0x5ef094
0x2b767c8 T 0xe8c9edd8
0x9b17858 N 0x9b1785c
0x929099c N 0x92909a0
0xd2c415f4 N 0xd2c415f8
0xe341af8 N 0xe341afc
0xaba89634 N 0xaba89638
0xbea18 N 0xbea1c
0x2b767c8 N 0x2b767cc
0x3f488 N 0x3f48c
0x23d108ac N 0x23d108b0
0xbea18 N 0xbea1c
0x2b767c8 N 0x2b767cc
0x84f526c N 0x84f5270
0xfc243604 T 0xdee4
0xf73fb98 N 0xf73fb9c
0x5f8 N 0x5fc
0xd2c415f4 N 0xd2c415f8
0x9e26c10 N 0x9e26c14
0xbea18 N 0xbea1c
0x5f70 N 0x5f74
0x84f526c N 0x84f5270
0xe341af8 N 0xe341afc
0x3f488 N 0x3f48c
0xbea18 N 0xbea1c
0xf77dab50 N 0xf77dab54
0xf77dab50 N 0xf77dab54
0x3f488 T 0x27250
0x7b76b90 N 0x7b76b94
0xaba89634 N 0xaba89638
0x5f8 N 0x5fc
0xf73fb98 N 0xf73fb9c
0x84f526c T 0x9789223c
0x23d108ac N 0x23d108b0
0x84f526c N 0x84f5270
0x762d0 N 0x762d4
0xd2c415f4 N 0xd2c415f8
0x7758 N 0x775c
0x2b767c8 N 0x2b767cc
0x23d108ac N 0x23d108b0
0xfc243604 T 0xdee4
0x5f70 N 0x5f74
0xf73fb98 N 0xf73fb9c
0x5f70 T 0x86511f4
0x7758 N 0x775c
0x9e26c10 N 0x9e26c14
0x2b767c8 N 0x2b767cc
0xf77dab50 N 0xf77dab54
0x929099c T 0xe8918
0x7758 N 0x775c
0xe341af8 N 0xe341afc
0x5f70 N 0x5f74
0x929099c T 0xe8918
0xaba89634 N 0xaba89638
0xe341af8 N 0xe341afc
0xaba89634 N 0xaba89638
0x2b767c8 T 0xe8c9edd8
0xf77dab50 N 0xf77dab54
0x23d108ac T 0x4118
0xf6bc3de8 N 0xf6bc3dec
0x7b76b90 N 0x7b76b94
0xf73fb98 N 0xf73fb9c
0xf77dab50 N 0xf77dab54
0x762d0 N 0x762d4
0x2b767c8 N 0x2b767cc
0x929099c N 0x92909a0
0x7758 N 0x775c
0x5ef090 N 0x5ef094
0xf6bc3de8 N 0xf6bc3dec
0x5f8 N 0x5fc
0x5ef090 T 0x5c47b678
0xf6bc3de8 N 0xf6bc3dec
0x3f488 N 0x3f48c
0xf6bc3de8 N 0xf6bc3dec
0x7758 N 0x775c
0x762d0 N 0x762d4
0xf77dab50 N 0xf77dab54
0x9b17858 N 0x9b1785c
0x9e26c10 N 0x9e26c14
0xf77dab50 N 0xf77dab54
0xd2c415f4 N 0xd2c415f8
0x23d108ac T 0x4118
0x762d0 N 0x762d4
0xe341af8 N 0xe341afc
0x2b767c8 N 0x2b767cc
0x3f488 N 0x3f48c
0xf73fb98 N 0xf73fb9c
0xe341af8 N 0xe341afc
0x3f488 T 0x27250
0x9b17858 N 0x9b1785c
0x84f526c N 0x84f5270
0xbea18 N 0xbea1c
0xaba89634 N 0xaba89638
0x5f70 N 0x5f74
0xd2c415f4 N 0xd2c415f8
0x5ef090 N 0x5ef094
0x7758 N 0x775c
0xd2c415f4 T 0x55c42bc
0x2b767c8 N 0x2b767cc
0xfc243604 N 0xfc243608
0x84f526c T 0x9789223c
0xd2c415f4 N 0xd2c415f8
0x9b17858 N 0x9b1785c
0x3f488 N 0x3f48c
0xbea18 N 0xbea1c
0xd2c415f4 N 0xd2c415f8
0x762d0 N 0x762d4
0x9e26c10 N 0x9e26c14
0x3f488 T 0x27250
0x23d108ac N 0x23d108b0
0x762d0 N 0x762d4
0x9b17858 N 0x9b1785c
0x5f70 N 0x5f74
0xbea18 N 0xbea1c
0x23d108ac N 0x23d108b0
0x7b76b90 N 0x7b76b94
0x7758 N 0x775c
0x9e26c10 N 0x9e26c14
0xf77dab50 N 0xf77dab54
0xf6bc3de8 N 0xf6bc3dec
0x5f8 N 0x5fc
0x5ef090 N 0x5ef094
0x7758 N 0x775c
0xf77dab50 N 0xf77dab54
0x7758 T 0x6567154
0x762d0 N 0x762d4
0x5ef090 N 0x5ef094
0xfc243604 N 0xfc243608
0x84f526c N 0x84f5270
0x9e26c10 N 0x9e26c14
0x929099c N 0x92909a0
0x84f526c N 0x84f5270
0x3f488 N 0x3f48c
0x5ef090 N 0x5ef094
0xf73fb98 N 0xf73fb9c
0x5ef090 T 0x5c47b678
0xf73fb98 N 0xf73fb9c
0x9e26c10 N 0x9e26c14
0xbea18 N 0xbea1c
0x7758 N 0x775c
0xf73fb98 N 0xf73fb9c
0x5f8 N 0x5fc
0x5f70 N 0x5f74
0xf77dab50 N 0xf77dab54
0x84f526c N 0x84f5270
0x5f70 N 0x5f74
0x2b767c8 N 0x2b767cc
0x84f526c N 0x84f5270
0x5f8 N 0x5fc
0xfc243604 T 0xdee4
0xf6bc3de8 N 0xf6bc3dec
0xbea18 N 0xbea1c
0x9b17858 N 0x9b1785c
0x9b17858 N 0x9b1785c
0x7b76b90 N 0x7b76b94
0xfc243604 N 0xfc243608
0xfc243604 N 0xfc243608
0x5ef090 N 0x5ef094
0x5ef090 N 0x5ef094
0x5ef090 N 0x5ef094
0xd2c415f4 N 0xd2c415f8
0xfc243604 T 0xdee4
0x929099c N 0x92909a0
0x2b767c8 N 0x2b767cc
0x23d108ac N 0x23d108b0
0x9b17858 T 0x1384710
0x9b17858 N 0x9b1785c
0x5f8 N 0x5fc
0x5f8 T 0x5b0
0x762d0 N 0x762d4
0x9b17858 N 0x9b1785c
0x3f488 N 0x3f48c
0x23d108ac T 0x4118
0xf77dab50 N 0xf77dab54
0x5f70 N 0x5f74
0x929099c T 0xe8918
0x5f70 N 0x5f74
0x762d0 N 0x762d4
flush_num: 100, br_num: 189, size: 404b
