0x6204ae78 N 0x6204ae7c
0x6204ae78 N 0x6204ae7c
0x71d94 N 0x71d98
0xcb557c N 0xcb5580
0x703b8 N 0x703bc
0x2a4 N 0x2a8
0xc4d0 N 0xc4d4
0x540 N 0x544
0x63618 N 0x6361c
0x63618 T 0x664a57f4
0xadc9bc N 0xadc9c0
0xadc9bc T 0x13668
0x71d94 N 0x71d98
0x1c9c N 0x1ca0
0x63618 N 0x6361c
0xb478c8 N 0xb478cc
0xcb557c N 0xcb5580
0x1c9c N 0x1ca0
0x79b8d4 N 0x79b8d8
0x16e0 N 0x16e4
0x6204ae78 N 0x6204ae7c
0x960c N 0x9610
0x63c N 0x640
0x988efb00 N 0x988efb04
0x2bca268 N 0x2bca26c
0xfcbc N 0xfcc0
0x74f7ef80 N 0x74f7ef84
0x1c9c N 0x1ca0
0xc4d0 N 0xc4d4
0x71d94 N 0x71d98
0xb478c8 N 0xb478cc
0x540 N 0x544
0xadc9bc N 0xadc9c0
0xc4d0 N 0xc4d4
0xfc8f138 N 0xfc8f13c
0x703b8 N 0x703bc
0x6204ae78 N 0x6204ae7c
0x703b8 N 0x703bc
0x16e0 N 0x16e4
0x703b8 N 0x703bc
0xfc8f138 N 0xfc8f13c
0x703b8 N 0x703bc
0x936350 N 0x936354
0x6204ae78 N 0x6204ae7c
0x16e0 N 0x16e4
0xcc56c N 0xcc570
0x988efb00 N 0x988efb04
0xcb557c N 0xcb5580
0x63618 N 0x6361c
0xb64 N 0xb68
0x988efb00 N 0x988efb04
0x42ef4 N 0x42ef8
0x960c N 0x9610
0x988efb00 N 0x988efb04
0x79b8d4 N 0x79b8d8
0xfc8f138 N 0xfc8f13c
0xcb557c N 0xcb5580
0xfc8f138 N 0xfc8f13c
0xadc9bc N 0xadc9c0
0xfc8f138 N 0xfc8f13c
0x960c N 0x9610
0xc4d0 N 0xc4d4
0x6204ae78 N 0x6204ae7c
0x42ef4 N 0x42ef8
0x540 N 0x544
0x6204ae78 N 0x6204ae7c
0x1c9c N 0x1ca0
0xfcbc N 0xfcc0
0x3bdc90 N 0x3bdc94
0x960c N 0x9610
0xfcbc N 0xfcc0
0x1c9c N 0x1ca0
0x3bdc90 N 0x3bdc94
0x960c N 0x9610
0x63618 N 0x6361c
0x63c N 0x640
0xf03c0 N 0xf03c4
0x2bca268 N 0x2bca26c
0xfc8f138 N 0xfc8f13c
0x16e0 N 0x16e4
0x71d94 N 0x71d98
0x988efb00 N 0x988efb04
0xb478c8 N 0xb478cc
0x71d94 N 0x71d98
0x74f7ef80 N 0x74f7ef84
0x1c9c N 0x1ca0
0x1c9c T 0x8dba8
0x988efb00 N 0x988efb04
0xcb557c N 0xcb5580
0x42ef4 N 0x42ef8
0xcb557c N 0xcb5580
0x63618 N 0x6361c
0xfcbc N 0xfcc0
0x2a4 N 0x2a8
0xcb557c N 0xcb5580
0x936350 N 0x936354
0x3bdc90 N 0x3bdc94
0x2bca268 N 0x2bca26c
0x63c N 0x640
0x2a4 N 0x2a8
0xcc56c N 0xcc570
0xcc56c T 0xae10
0x540 N 0x544
0xb64 N 0xb68
0x74f7ef80 N 0x74f7ef84
0x2bca268 N 0x2bca26c
0x936350 N 0x936354
0x2a4 N 0x2a8
0xb64 N 0xb68
0xfc8f138 N 0xfc8f13c
0x6204ae78 N 0x6204ae7c
0xfc8f138 N 0xfc8f13c
0x71d94 N 0x71d98
0xf03c0 N 0xf03c4
0x2bca268 N 0x2bca26c
0xb64 N 0xb68
0xf03c0 N 0xf03c4
0x2bca268 N 0x2bca26c
0x936350 N 0x936354
0xb478c8 N 0xb478cc
0x63c N 0x640
0x63618 N 0x6361c
0x79b8d4 N 0x79b8d8
0x988efb00 N 0x988efb04
0x540 N 0x544
0xb64 N 0xb68
0x74f7ef80 N 0x74f7ef84
0xcb557c N 0xcb5580
0x42ef4 N 0x42ef8
0x63618 N 0x6361c
0x960c N 0x9610
0xfcbc N 0xfcc0
0x63618 N 0x6361c
0x63618 T 0x664a57f4
0x2bca268 N 0x2bca26c
0x74f7ef80 N 0x74f7ef84
0xcc56c N 0xcc570
flush_num: 73, br_num: 137, size: 63b
