0xf870 N 0xf874
0xd65c4 N 0xd65c8
0xad7c N 0xad80
0xc3c N 0xc40
0x162c N 0x1630
0xf89e804 N 0xf89e808
0xcc40 N 0xcc44
0x21db878 N 0x21db87c
0xd65c4 N 0xd65c8
0x12c N 0x130
0x52b55aa8 N 0x52b55aac
0x1be0 N 0x1be4
0x12c N 0x130
0xe54 N 0xe58
0x787187b8 N 0x787187bc
0xa8654 N 0xa8658
0x25811dbc N 0x25811dc0
0x2f0 N 0x2f4
0x6abe012c N 0x6abe0130
0x1be0 N 0x1be4
0xf89e804 N 0xf89e808
0x162c N 0x1630
0xc55b8 N 0xc55bc
0x634e0 N 0x634e4
0x9fc N 0xa00
0x634e0 N 0x634e4
0x2f0 N 0x2f4
0x2f0 T 0xd320
0x12907630 N 0x12907634
0xc0fd04 N 0xc0fd08
0x2f0 N 0x2f4
0x1dc N 0x1e0
flush_num: 13, br_num: 32, size: 64b
