0x9e69a8 N 0x9e69ac
0x9e69a8 N 0x9e69ac
0xd55dac N 0xd55db0
0x9e69a8 N 0x9e69ac
0xa24af2c N 0xa24af30
0xf95e237c N 0xf95e2380
0x9e69a8 N 0x9e69ac
0x4325c N 0x43260
0xe5976c N 0xe59770
0xddb8 N 0xddbc
0x42c4 N 0x42c8
0x81f238c N 0x81f2390
0x4325c N 0x43260
0x81f238c N 0x81f2390
0x4325c N 0x43260
0x81f238c N 0x81f2390
0x42c4 N 0x42c8
0xe5976c N 0xe59770
0x42c4 N 0x42c8
0xf95e237c N 0xf95e2380
0xddb8 N 0xddbc
0x9e69a8 N 0x9e69ac
0xa24af2c N 0xa24af30
0xa24af2c N 0xa24af30
0x4325c N 0x43260
0x4325c N 0x43260
0x9e69a8 N 0x9e69ac
0xf7a21ac N 0xf7a21b0
0x42c4 N 0x42c8
0xd55dac N 0xd55db0
0xe5976c N 0xe59770
0x42c4 N 0x42c8
0x81f238c N 0x81f2390
0xa24af2c N 0xa24af30
0xa24af2c N 0xa24af30
0xa24af2c N 0xa24af30
0xd55dac N 0xd55db0
0xddb8 N 0xddbc
0xddb8 N 0xddbc
0xa24af2c N 0xa24af30
0x42c4 N 0x42c8
flush_num: 22, br_num: 41, size: 768b
