0x6e0 N 0x6e4
0xdc680 N 0xdc684
0x6e838 N 0x6e83c
0x6e838 N 0x6e83c
0x6e0 N 0x6e4
0x689d0 N 0x689d4
0xfddc N 0xfde0
0xf30849f8 N 0xf30849fc
0x6e838 N 0x6e83c
0xcc8 N 0xccc
0x9080 N 0x9084
0xfddc N 0xfde0
0x745e0d2c N 0x745e0d30
0x1c0 N 0x1c4
0x689d0 N 0x689d4
0x745e0d2c N 0x745e0d30
0xfddc N 0xfde0
0xeb8b08e8 N 0xeb8b08ec
0x745e0d2c T 0x9dd8a25c
0x67997c4 N 0x67997c8
0x7b73654 N 0x7b73658
0x9194 N 0x9198
0xe8f5b90 N 0xe8f5b94
0x9cccc N 0x9ccd0
0x745e0d2c N 0x745e0d30
0xeb8b08e8 N 0xeb8b08ec
0x1c0 N 0x1c4
0xe8907c N 0xe89080
0x3b50 N 0x3b54
0xeb8b08e8 N 0xeb8b08ec
0x6e838 N 0x6e83c
0xe8907c T 0x6c7ee874
0x9080 N 0x9084
0xcc8 N 0xccc
0x9080 N 0x9084
0x3b50 N 0x3b54
0xeb8b08e8 N 0xeb8b08ec
0xb45c90 N 0xb45c94
0x1c0 N 0x1c4
0xb45c90 N 0xb45c94
0x6e838 N 0x6e83c
0x9cccc N 0x9ccd0
0xe8f5b90 N 0xe8f5b94
0xf30849f8 N 0xf30849fc
0x67997c4 N 0x67997c8
0x7b73654 N 0x7b73658
0xcc8 N 0xccc
0xdc680 N 0xdc684
0x9194 N 0x9198
0xe8f5b90 T 0x5acc
0x1c0 N 0x1c4
0x9194 T 0xaaa4
0xeb8b08e8 N 0xeb8b08ec
0x1c0 N 0x1c4
0x67997c4 N 0x67997c8
0x9603a014 N 0x9603a018
0x1c0 N 0x1c4
0x67997c4 N 0x67997c8
0x3cda12c N 0x3cda130
0x7b73654 N 0x7b73658
0xfddc N 0xfde0
0xdc680 N 0xdc684
0x3cda12c N 0x3cda130
0x3b50 N 0x3b54
0x9603a014 N 0x9603a018
0x9080 N 0x9084
0xfddc N 0xfde0
0xb45c90 N 0xb45c94
0xf30849f8 N 0xf30849fc
0x7b73654 N 0x7b73658
0x6e838 N 0x6e83c
0x8b77e8 N 0x8b77ec
0x6e0 N 0x6e4
0xe8f5b90 N 0xe8f5b94
0xb45c90 N 0xb45c94
0x3b50 N 0x3b54
0xdc680 N 0xdc684
0x689d0 N 0x689d4
0x745e0d2c N 0x745e0d30
0xb45c90 N 0xb45c94
0x689d0 N 0x689d4
0x9194 N 0x9198
0x9194 N 0x9198
0xb45c90 N 0xb45c94
0xe8f5b90 N 0xe8f5b94
0x745e0d2c N 0x745e0d30
0x9080 N 0x9084
0x8b77e8 T 0xad14
0x8b77e8 N 0x8b77ec
0xcc8 N 0xccc
0x16d977d4 N 0x16d977d8
0xe8f5b90 T 0x5acc
0x6e0 N 0x6e4
0x6e838 T 0x5cbef78
0x745e0d2c T 0x9dd8a25c
0x1c0 N 0x1c4
0xdc680 N 0xdc684
0x6e0 N 0x6e4
0x6e838 N 0x6e83c
0x3b50 N 0x3b54
0x7b73654 N 0x7b73658
0x67997c4 N 0x67997c8
0xb45c90 N 0xb45c94
0x689d0 N 0x689d4
0xcc8 N 0xccc
0x689d0 N 0x689d4
0xcc8 N 0xccc
0x67997c4 T 0x9f4
0x8b77e8 N 0x8b77ec
0x3b50 N 0x3b54
0x6e0 N 0x6e4
0x16d977d4 N 0x16d977d8
0xcc8 N 0xccc
0xdc680 N 0xdc684
0x9080 N 0x9084
0x1c0 N 0x1c4
0x7b73654 N 0x7b73658
0xdc680 N 0xdc684
0x8b77e8 N 0x8b77ec
0x9cccc N 0x9ccd0
0x3cda12c N 0x3cda130
0xf30849f8 N 0xf30849fc
0x9603a014 N 0x9603a018
0xf30849f8 N 0xf30849fc
0xeb8b08e8 N 0xeb8b08ec
0x6e838 N 0x6e83c
0x745e0d2c N 0x745e0d30
0xb45c90 N 0xb45c94
0x9194 N 0x9198
0xfddc T 0xfbd9c044
0x67997c4 N 0x67997c8
0x16d977d4 N 0x16d977d8
0x9603a014 N 0x9603a018
0xfddc T 0xfbd9c044
0x67997c4 N 0x67997c8
0x16d977d4 N 0x16d977d8
0x9cccc N 0x9ccd0
0x6e0 N 0x6e4
0xb45c90 T 0x2b4
0xfddc T 0xfbd9c044
0x3cda12c N 0x3cda130
0xe8907c N 0xe89080
0x6e0 N 0x6e4
0xe8f5b90 N 0xe8f5b94
0xb45c90 N 0xb45c94
0x689d0 N 0x689d4
0x9cccc N 0x9ccd0
0x9cccc N 0x9ccd0
0x745e0d2c N 0x745e0d30
0x9080 N 0x9084
0x16d977d4 N 0x16d977d8
0x9194 N 0x9198
0x3b50 N 0x3b54
0xb45c90 N 0xb45c94
0x1c0 N 0x1c4
0x9080 N 0x9084
0x9080 N 0x9084
flush_num: 80, br_num: 157, size: 542b
