0x13ea44 N 0x13ea48
0x61c88 N 0x61c8c
0x730024 N 0x730028
0x458 N 0x45c
0xc936e20 N 0xc936e24
0x3ffc4d9c N 0x3ffc4da0
0x302f5c N 0x302f60
0x2d76fd4 N 0x2d76fd8
0x4df0 N 0x4df4
0x8e5f4 N 0x8e5f8
0x15dc734 N 0x15dc738
0x1ac5fc N 0x1ac600
0xc936e20 N 0xc936e24
0xf921c N 0xf9220
0x15dc734 N 0x15dc738
0xf6c8 N 0xf6cc
0x9b6a8 N 0x9b6ac
0x7bacc N 0x7bad0
0xc750f8 N 0xc750fc
0x488 N 0x48c
0x1861c N 0x18620
0xfa720f6c N 0xfa720f70
0x13ea44 N 0x13ea48
0x394268dc N 0x394268e0
0x488 N 0x48c
0x2b88a64 N 0x2b88a68
0x1861c N 0x18620
0x302f5c N 0x302f60
0x488 N 0x48c
0xf921c N 0xf9220
0x302f5c N 0x302f60
0x394268dc N 0x394268e0
0xe3dcc N 0xe3dd0
0x394268dc N 0x394268e0
0x270dd0 N 0x270dd4
0x1a1c80 N 0x1a1c84
0x2d76fd4 N 0x2d76fd8
0x15dc734 N 0x15dc738
0x15dc734 N 0x15dc738
0x394268dc N 0x394268e0
0xc936e20 N 0xc936e24
0x3c7c N 0x3c80
0x8e5f4 N 0x8e5f8
0x8e5f4 N 0x8e5f8
0xe3dcc N 0xe3dd0
0x13ea44 N 0x13ea48
0x1b56c N 0x1b570
0x730024 N 0x730028
0xfa720f6c N 0xfa720f70
0x4df0 N 0x4df4
0x3e4 N 0x3e8
0xb338 N 0xb33c
0x264 N 0x268
0xd1334 N 0xd1338
0x488 N 0x48c
0x2d76fd4 N 0x2d76fd8
0x488 N 0x48c
0x3e4 N 0x3e8
0xc750f8 N 0xc750fc
0x488 N 0x48c
0xe3dcc N 0xe3dd0
0x13ea44 N 0x13ea48
0x4df0 N 0x4df4
0x1704f7a4 N 0x1704f7a8
0x1b56c N 0x1b570
0xb9e114 N 0xb9e118
0x3c7c N 0x3c80
0x1ac5fc N 0x1ac600
0x3ffc4d9c N 0x3ffc4da0
0x8e5f4 N 0x8e5f8
0x1704f7a4 N 0x1704f7a8
0x6658 N 0x665c
0x1ac5fc N 0x1ac600
0xc924a9c N 0xc924aa0
0xf6c8 N 0xf6cc
0x2b88a64 N 0x2b88a68
0xb338 N 0xb33c
0x15dc734 N 0x15dc738
0xe5004 N 0xe5008
0x13ea44 N 0x13ea48
0x3c7c N 0x3c80
0x6658 N 0x665c
0x1704f7a4 N 0x1704f7a8
0xf6c8 N 0xf6cc
0x168 N 0x16c
0xe3dcc N 0xe3dd0
0xe3dcc N 0xe3dd0
0x88 N 0x8c
0x168 N 0x16c
0x2d76fd4 N 0x2d76fd8
0x1861c N 0x18620
0x13ea44 N 0x13ea48
0x1861c N 0x18620
0x458 N 0x45c
0xf921c N 0xf9220
0x1153420 N 0x1153424
0x15dc734 N 0x15dc738
0x488 N 0x48c
0xc750f8 N 0xc750fc
0xb9e114 N 0xb9e118
0x264 N 0x268
0x1861c N 0x18620
0x7bacc N 0x7bad0
0xc936e20 N 0xc936e24
0x7bacc N 0x7bad0
0xc936e20 N 0xc936e24
0xe5004 N 0xe5008
0xf921c N 0xf9220
0x2b88a64 N 0x2b88a68
0x2b88a64 N 0x2b88a68
0xf921c N 0xf9220
0xf6c8 N 0xf6cc
0x2d76fd4 N 0x2d76fd8
0x13ea44 N 0x13ea48
0x3c7c N 0x3c80
0xf6c8 N 0xf6cc
0x488 N 0x48c
0xc936e20 N 0xc936e24
0x3c7c N 0x3c80
0x1ac5fc N 0x1ac600
0xc924a9c N 0xc924aa0
0x488 N 0x48c
0x8e5f4 N 0x8e5f8
0xd1334 N 0xd1338
0x2b88a64 N 0x2b88a68
0xe3dcc N 0xe3dd0
0x1a1c80 N 0x1a1c84
0x4df0 N 0x4df4
0x270dd0 N 0x270dd4
0xe3dcc N 0xe3dd0
0x3ffc4d9c N 0x3ffc4da0
0x270dd0 N 0x270dd4
0x730024 N 0x730028
0xe3dcc N 0xe3dd0
0x6658 N 0x665c
flush_num: 60, br_num: 135, size: 1264b
