0x4ab4 N 0x4ab8
0xf698f0 N 0xf698f4
0xf075afac N 0xf075afb0
0x8cc N 0x8d0
0x994 N 0x998
0x86b6cc98 N 0x86b6cc9c
0x941cd00 N 0x941cd04
0x7bc N 0x7c0
0xea9004 N 0xea9008
0x2317c8c N 0x2317c90
0xa2d3c N 0xa2d40
0xf075afac N 0xf075afb0
0x3e7451c N 0x3e74520
0xdbc8 N 0xdbcc
0x4d4 N 0x4d8
0x507744 N 0x507748
0x994 N 0x998
0x69e8 N 0x69ec
0x8cc N 0x8d0
0x7ba76e8 N 0x7ba76ec
0xa80f0724 N 0xa80f0728
0xb0a0 N 0xb0a4
0x1d0 N 0x1d4
0x2317c8c N 0x2317c90
0x2317c8c T 0x58
0x994 N 0x998
0x8cc N 0x8d0
0xa7fc N 0xa800
0x8cc N 0x8d0
0x7ba76e8 N 0x7ba76ec
0xc0 N 0xc4
0x7ba76e8 N 0x7ba76ec
0x3e7451c N 0x3e74520
0xa2d3c N 0xa2d40
0x4d4 N 0x4d8
0x6b8 N 0x6bc
0xdbc8 N 0xdbcc
0xf075afac N 0xf075afb0
0x4503cfc N 0x4503d00
0xa7fc N 0xa800
0xa2d3c N 0xa2d40
0xf698f0 N 0xf698f4
0x6b8 N 0x6bc
0xea9004 N 0xea9008
0x8cc N 0x8d0
0xf075afac N 0xf075afb0
0x1d0 N 0x1d4
0x2317c8c N 0x2317c90
0xdbc8 N 0xdbcc
0x3f5c N 0x3f60
0xf075afac N 0xf075afb0
0xd26db4 N 0xd26db8
0xa80f0724 N 0xa80f0728
0x3e7451c N 0x3e74520
0x4503cfc N 0x4503d00
0xea9004 N 0xea9008
0x1d0 N 0x1d4
0x507744 N 0x507748
0x994 N 0x998
0x3e7451c N 0x3e74520
0xa2d3c N 0xa2d40
0xac390 N 0xac394
0x994 N 0x998
0x2317c8c N 0x2317c90
0x507744 N 0x507748
0x7bc N 0x7c0
0x3f5c N 0x3f60
0x69e8 N 0x69ec
0x6b8 N 0x6bc
0x4ab4 N 0x4ab8
0x8cc N 0x8d0
0xdbc8 N 0xdbcc
0xb0a0 N 0xb0a4
0x3f5c N 0x3f60
0x4ab4 N 0x4ab8
0x3f5c N 0x3f60
0x86b6cc98 N 0x86b6cc9c
0xc0 N 0xc4
0x3e7451c N 0x3e74520
0x8cc N 0x8d0
0xb0a0 N 0xb0a4
0xc0 N 0xc4
0xa7fc N 0xa800
0x7bc N 0x7c0
0x4ab4 N 0x4ab8
0x7bc N 0x7c0
0x7ba76e8 N 0x7ba76ec
0xc0 N 0xc4
0x1d0 N 0x1d4
0xa7fc N 0xa800
0x2317c8c N 0x2317c90
0xb0a0 N 0xb0a4
0x3f5c N 0x3f60
0xf698f0 N 0xf698f4
0xac390 N 0xac394
0x4d4 N 0x4d8
0x994 N 0x998
0x6b8 N 0x6bc
0x6b8 N 0x6bc
0xb0a0 N 0xb0a4
0x2317c8c N 0x2317c90
0xa7fc N 0xa800
0x2317c8c N 0x2317c90
0x66c N 0x670
0xf075afac N 0xf075afb0
0x2317c8c N 0x2317c90
0x2317c8c N 0x2317c90
0x2317c8c N 0x2317c90
0x8cc N 0x8d0
0xc0 N 0xc4
flush_num: 60, br_num: 110, size: 77b
