0x71e24ef0 N 0x71e24ef4
0x514dfec N 0x514dff0
0x8658 N 0x865c
0x9f24650 N 0x9f24654
0x54538 N 0x5453c
0x8658 T 0xe5fc3c
0xced0 N 0xced4
0x25aec N 0x25af0
0x71e24ef0 T 0xca98
0xde24 N 0xde28
0xed991bf0 N 0xed991bf4
0xf70 N 0xf74
0x13f3924 N 0x13f3928
0x71c4 N 0x71c8
0x31689540 N 0x31689544
0x9068 N 0x906c
0x13f3924 T 0x7e1370c
0x25fb5984 N 0x25fb5988
0x9068 T 0xf30
0x25aec T 0xc2a3c8
0x514dfec N 0x514dff0
0x54538 T 0xa2afc78
0x8658 T 0xe5fc3c
0xc4064 N 0xc4068
0x25fb5984 T 0xb01c
0xced0 T 0xc44d55c
0x54538 T 0xa2afc78
0x9f24650 N 0x9f24654
0x8658 T 0xe5fc3c
0xedb69c N 0xedb6a0
0xced0 N 0xced4
0x9068 N 0x906c
flush_num: 13, br_num: 32, size: 1232b
