0xb78ec8a8 N 0xb78ec8ac
0xb78ec8a8 N 0xb78ec8ac
0xe04 N 0xe08
0xb78ec8a8 N 0xb78ec8ac
0xa150 N 0xa154
0xa150 N 0xa154
0xb78ec8a8 N 0xb78ec8ac
0xb78ec8a8 N 0xb78ec8ac
0xe04 N 0xe08
0xa150 N 0xa154
0xe04 N 0xe08
0xe04 N 0xe08
0xb78ec8a8 N 0xb78ec8ac
0xe04 N 0xe08
0xe04 N 0xe08
0xa150 N 0xa154
0xa150 N 0xa154
0xa150 N 0xa154
0xa150 N 0xa154
0xa150 N 0xa154
0xe04 N 0xe08
0xb78ec8a8 N 0xb78ec8ac
0xe04 N 0xe08
0xb78ec8a8 N 0xb78ec8ac
0xb78ec8a8 N 0xb78ec8ac
0xa150 N 0xa154
0xa150 N 0xa154
0xb78ec8a8 N 0xb78ec8ac
0xe04 N 0xe08
0xa150 N 0xa154
0xe04 N 0xe08
0xe04 N 0xe08
0xb78ec8a8 N 0xb78ec8ac
0xb78ec8a8 N 0xb78ec8ac
0xb78ec8a8 N 0xb78ec8ac
0xb78ec8a8 N 0xb78ec8ac
0xa150 N 0xa154
0xb78ec8a8 N 0xb78ec8ac
0xb78ec8a8 N 0xb78ec8ac
0xb78ec8a8 N 0xb78ec8ac
0xa150 N 0xa154
0xe04 N 0xe08
0xb78ec8a8 N 0xb78ec8ac
0xb78ec8a8 N 0xb78ec8ac
0xa150 N 0xa154
0xa150 N 0xa154
0xb78ec8a8 N 0xb78ec8ac
0xe04 N 0xe08
0xa150 N 0xa154
0xb78ec8a8 N 0xb78ec8ac
0xb78ec8a8 N 0xb78ec8ac
0xa150 N 0xa154
0xa150 N 0xa154
0xb78ec8a8 N 0xb78ec8ac
0xe04 N 0xe08
0xb78ec8a8 N 0xb78ec8ac
0xb78ec8a8 N 0xb78ec8ac
0xa150 N 0xa154
0xa150 N 0xa154
0xa150 N 0xa154
0xb78ec8a8 N 0xb78ec8ac
0xa150 N 0xa154
0xa150 N 0xa154
0xb78ec8a8 N 0xb78ec8ac
0xa150 N 0xa154
0xb78ec8a8 N 0xb78ec8ac
0xa150 N 0xa154
0xe04 N 0xe08
0xb78ec8a8 N 0xb78ec8ac
0xa150 N 0xa154
0xb78ec8a8 N 0xb78ec8ac
0xa150 N 0xa154
0xe04 N 0xe08
0xb78ec8a8 N 0xb78ec8ac
0xe04 N 0xe08
0xb78ec8a8 N 0xb78ec8ac
0xb78ec8a8 N 0xb78ec8ac
0xe04 N 0xe08
0xa150 N 0xa154
0xe04 N 0xe08
0xa150 N 0xa154
0xb78ec8a8 N 0xb78ec8ac
0xe04 N 0xe08
0xb78ec8a8 N 0xb78ec8ac
0xe04 N 0xe08
0xe04 N 0xe08
0xa150 N 0xa154
0xa150 N 0xa154
0xe04 N 0xe08
0xa150 N 0xa154
0xe04 N 0xe08
0xe04 N 0xe08
0xe04 N 0xe08
0xa150 N 0xa154
0xb78ec8a8 N 0xb78ec8ac
0xe04 N 0xe08
0xe04 N 0xe08
0xa150 N 0xa154
0xb78ec8a8 N 0xb78ec8ac
0xe04 N 0xe08
0xe04 N 0xe08
0xb78ec8a8 N 0xb78ec8ac
0xe04 N 0xe08
0xa150 N 0xa154
0xa150 N 0xa154
0xe04 N 0xe08
0xe04 N 0xe08
0xb78ec8a8 N 0xb78ec8ac
0xe04 N 0xe08
0xb78ec8a8 N 0xb78ec8ac
0xe04 N 0xe08
0xe04 N 0xe08
0xa150 N 0xa154
0xb78ec8a8 N 0xb78ec8ac
0xa150 N 0xa154
0xb78ec8a8 N 0xb78ec8ac
0xe04 N 0xe08
0xb78ec8a8 N 0xb78ec8ac
0xe04 N 0xe08
0xa150 N 0xa154
0xe04 N 0xe08
0xa150 N 0xa154
0xa150 N 0xa154
0xb78ec8a8 N 0xb78ec8ac
0xb78ec8a8 N 0xb78ec8ac
0xe04 N 0xe08
0xe04 N 0xe08
0xe04 N 0xe08
0xb78ec8a8 N 0xb78ec8ac
0xb78ec8a8 N 0xb78ec8ac
0xb78ec8a8 N 0xb78ec8ac
0xa150 N 0xa154
0xe04 N 0xe08
0xe04 N 0xe08
0xa150 N 0xa154
0xb78ec8a8 N 0xb78ec8ac
0xe04 N 0xe08
flush_num: 78, br_num: 137, size: 2292b
