0xb8fb4e0 N 0xb8fb4e4
0xb8fb4e0 N 0xb8fb4e4
0x8b358c N 0x8b3590
0xe9574 N 0xe9578
0x7920 N 0x7924
0x7920 N 0x7924
0x7920 N 0x7924
0x7920 N 0x7924
0x7920 N 0x7924
0x780 N 0x784
0x6fff4 N 0x6fff8
0x6fff4 N 0x6fff8
0x780 N 0x784
0x171fc6b4 N 0x171fc6b8
0x8b358c N 0x8b3590
0x6fff4 N 0x6fff8
0xb8fb4e0 N 0xb8fb4e4
0x7920 N 0x7924
0x780 N 0x784
0xe9574 N 0xe9578
0x780 N 0x784
0x7920 N 0x7924
0xe9574 N 0xe9578
0xe4218 N 0xe421c
0x7920 N 0x7924
0x8b358c N 0x8b3590
0x171fc6b4 N 0x171fc6b8
0xe4218 N 0xe421c
0xe4218 N 0xe421c
0xe9574 N 0xe9578
0x780 N 0x784
0x171fc6b4 N 0x171fc6b8
0x8b358c N 0x8b3590
0x7920 N 0x7924
0x171fc6b4 N 0x171fc6b8
0x7920 N 0x7924
0x780 N 0x784
0x780 N 0x784
0x780 N 0x784
0x8b358c N 0x8b3590
0x6fff4 N 0x6fff8
0xe9574 N 0xe9578
0xb8fb4e0 N 0xb8fb4e4
0x7920 N 0x7924
0x780 N 0x784
0x780 N 0x784
0xb8fb4e0 N 0xb8fb4e4
0xb8fb4e0 N 0xb8fb4e4
0x780 N 0x784
0x7920 N 0x7924
0xe9574 N 0xe9578
0xe9574 N 0xe9578
0x8b358c N 0x8b3590
0x8b358c N 0x8b3590
0x8b358c N 0x8b3590
0x6fff4 N 0x6fff8
0xb8fb4e0 N 0xb8fb4e4
0xb8fb4e0 N 0xb8fb4e4
0x6fff4 N 0x6fff8
0xe9574 N 0xe9578
0xe4218 N 0xe421c
0xe9574 N 0xe9578
0x171fc6b4 N 0x171fc6b8
0xe4218 N 0xe421c
0xb8fb4e0 N 0xb8fb4e4
0x8b358c N 0x8b3590
0xe4218 N 0xe421c
0xe9574 N 0xe9578
0x780 N 0x784
0x780 N 0x784
0xe9574 N 0xe9578
0xe9574 N 0xe9578
0x7920 N 0x7924
0x171fc6b4 N 0x171fc6b8
0x6fff4 N 0x6fff8
0xe4218 N 0xe421c
0x6fff4 N 0x6fff8
0x8b358c N 0x8b3590
0xb8fb4e0 N 0xb8fb4e4
0xe9574 N 0xe9578
0x6fff4 N 0x6fff8
0x171fc6b4 N 0x171fc6b8
0x8b358c N 0x8b3590
0x7920 N 0x7924
0xe4218 N 0xe421c
0x171fc6b4 N 0x171fc6b8
0xe9574 N 0xe9578
0xe4218 N 0xe421c
0x171fc6b4 N 0x171fc6b8
0x8b358c N 0x8b3590
0x171fc6b4 N 0x171fc6b8
0x8b358c N 0x8b3590
0x171fc6b4 N 0x171fc6b8
0x171fc6b4 N 0x171fc6b8
0xb8fb4e0 N 0xb8fb4e4
0x6fff4 N 0x6fff8
0x6fff4 N 0x6fff8
0xe9574 N 0xe9578
0xe9574 N 0xe9578
0xb8fb4e0 N 0xb8fb4e4
0x8b358c N 0x8b3590
0xb8fb4e0 N 0xb8fb4e4
0x8b358c N 0x8b3590
0xe4218 N 0xe421c
0x171fc6b4 N 0x171fc6b8
0x780 N 0x784
0xe4218 N 0xe421c
0xe9574 N 0xe9578
0xe4218 N 0xe421c
0x7920 N 0x7924
0x8b358c N 0x8b3590
0x171fc6b4 N 0x171fc6b8
0xe9574 N 0xe9578
0xe9574 N 0xe9578
0x6fff4 N 0x6fff8
0xb8fb4e0 N 0xb8fb4e4
0x171fc6b4 N 0x171fc6b8
0xb8fb4e0 N 0xb8fb4e4
0xe4218 T 0x8be0a7a0
0xe4218 N 0xe421c
0xe9574 N 0xe9578
0x6fff4 N 0x6fff8
0x8b358c N 0x8b3590
0xb8fb4e0 N 0xb8fb4e4
0x7920 N 0x7924
0x7920 N 0x7924
0xe9574 N 0xe9578
0x8b358c N 0x8b3590
0xe9574 N 0xe9578
0xe4218 N 0xe421c
0x171fc6b4 N 0x171fc6b8
0xb8fb4e0 N 0xb8fb4e4
0xe9574 N 0xe9578
0x780 N 0x784
0x6fff4 N 0x6fff8
0x6fff4 T 0x9b24
0x171fc6b4 N 0x171fc6b8
0xe9574 N 0xe9578
0x780 N 0x784
0xe9574 N 0xe9578
0xb8fb4e0 N 0xb8fb4e4
0xb8fb4e0 N 0xb8fb4e4
0x8b358c N 0x8b3590
0x780 N 0x784
0x8b358c N 0x8b3590
0x780 N 0x784
0xe4218 N 0xe421c
0x7920 N 0x7924
0xe9574 N 0xe9578
0x780 N 0x784
0xe9574 T 0x185c
0xb8fb4e0 N 0xb8fb4e4
0x7920 N 0x7924
0x8b358c N 0x8b3590
0xb8fb4e0 N 0xb8fb4e4
0x7920 N 0x7924
0x171fc6b4 N 0x171fc6b8
0xe4218 N 0xe421c
0xe4218 N 0xe421c
0x780 N 0x784
0x171fc6b4 N 0x171fc6b8
0xe4218 N 0xe421c
0x8b358c T 0xf088
0x171fc6b4 N 0x171fc6b8
0x7920 T 0x559460
0xe9574 N 0xe9578
0xb8fb4e0 N 0xb8fb4e4
0x171fc6b4 N 0x171fc6b8
0xe9574 N 0xe9578
0xe9574 N 0xe9578
0x780 N 0x784
0x7920 N 0x7924
0x8b358c N 0x8b3590
0x780 N 0x784
0x7920 N 0x7924
0xe4218 N 0xe421c
0xe4218 N 0xe421c
0xb8fb4e0 N 0xb8fb4e4
0x171fc6b4 N 0x171fc6b8
0xb8fb4e0 N 0xb8fb4e4
0xe9574 N 0xe9578
0x6fff4 N 0x6fff8
0xb8fb4e0 N 0xb8fb4e4
0x171fc6b4 N 0x171fc6b8
0x171fc6b4 N 0x171fc6b8
0xe9574 N 0xe9578
0x7920 N 0x7924
0x7920 N 0x7924
0x6fff4 N 0x6fff8
0x171fc6b4 N 0x171fc6b8
0x8b358c N 0x8b3590
0xe4218 N 0xe421c
0xe9574 N 0xe9578
0x7920 N 0x7924
0x8b358c N 0x8b3590
0x171fc6b4 N 0x171fc6b8
0xe9574 N 0xe9578
0x7920 T 0x559460
flush_num: 90, br_num: 198, size: 1047b
