0x730460 N 0x730464
0x158 N 0x15c
0x6c4ef4 N 0x6c4ef8
0x3aec4984 N 0x3aec4988
0x8014 N 0x8018
0x3aec4984 N 0x3aec4988
0x9e08 N 0x9e0c
0xcf5ec N 0xcf5f0
0xd7c N 0xd80
0x9e08 N 0x9e0c
0x9e08 T 0xd00
0xa8d5c N 0xa8d60
0x91abc34 N 0x91abc38
0xcf5ec N 0xcf5f0
0x730460 N 0x730464
0x950 N 0x954
0x3aec4984 N 0x3aec4988
0xa8d5c N 0xa8d60
0x9e08 N 0x9e0c
0x8014 N 0x8018
0xd7c N 0xd80
0x158 N 0x15c
0x6c4ef4 N 0x6c4ef8
0x91abc34 N 0x91abc38
0x950 N 0x954
0x9e08 N 0x9e0c
0xcf5ec N 0xcf5f0
0xb54c N 0xb550
0xbd10b0 N 0xbd10b4
0x9e08 N 0x9e0c
0x3aec4984 N 0x3aec4988
0xa8d5c N 0xa8d60
0xe8afc N 0xe8b00
0x91abc34 N 0x91abc38
0xe8afc N 0xe8b00
0x9e08 N 0x9e0c
0xcf5ec N 0xcf5f0
0x91abc34 N 0x91abc38
0x158 N 0x15c
0x579bc8 N 0x579bcc
0x950 N 0x954
0x91abc34 N 0x91abc38
0x6c4ef4 N 0x6c4ef8
0xd7c N 0xd80
0xe8afc N 0xe8b00
0xb54c N 0xb550
0x91abc34 N 0x91abc38
0x730460 N 0x730464
0x3aec4984 N 0x3aec4988
0xcf5ec N 0xcf5f0
0xbae9c N 0xbaea0
0xe8afc N 0xe8b00
0xe37910 N 0xe37914
0x9e08 N 0x9e0c
0x730460 N 0x730464
0x950 N 0x954
0xcf5ec N 0xcf5f0
0x91abc34 N 0x91abc38
0x369c N 0x36a0
0xb54c N 0xb550
0xa566e4 N 0xa566e8
0xa566e4 N 0xa566e8
0xd7c N 0xd80
0xd7c T 0xb7610ea4
0x91abc34 N 0x91abc38
0xe37910 N 0xe37914
0xa566e4 N 0xa566e8
0xbd10b0 N 0xbd10b4
0x6c4ef4 N 0x6c4ef8
0x158 N 0x15c
0xe8afc N 0xe8b00
0x158 N 0x15c
0x3aec4984 N 0x3aec4988
0xe8afc N 0xe8b00
0xd7c N 0xd80
0xcf5ec N 0xcf5f0
0x9e08 N 0x9e0c
0x6c4ef4 N 0x6c4ef8
0x730460 N 0x730464
0xe37910 N 0xe37914
0x9e08 N 0x9e0c
0x369c N 0x36a0
0x8014 N 0x8018
0x158 N 0x15c
0x158 N 0x15c
0xa8d5c N 0xa8d60
0xb54c N 0xb550
0x91abc34 N 0x91abc38
0x158 N 0x15c
0x9e08 N 0x9e0c
0xb54c N 0xb550
0x91abc34 N 0x91abc38
0x8014 N 0x8018
0xa566e4 N 0xa566e8
0xbae9c N 0xbaea0
0x91abc34 N 0x91abc38
0xbae9c N 0xbaea0
0x369c N 0x36a0
0xe37910 N 0xe37914
0x579bc8 N 0x579bcc
0x950 N 0x954
0x158 N 0x15c
0x579bc8 N 0x579bcc
0x8014 N 0x8018
0x579bc8 N 0x579bcc
0x3aec4984 N 0x3aec4988
0xd7c N 0xd80
0x158 N 0x15c
0x91abc34 N 0x91abc38
0xe8afc N 0xe8b00
0x9e08 N 0x9e0c
0xb54c N 0xb550
0x369c N 0x36a0
0xb54c N 0xb550
0x158 N 0x15c
0xbd10b0 N 0xbd10b4
0xbae9c N 0xbaea0
0x579bc8 N 0x579bcc
0x369c N 0x36a0
0xa8d5c N 0xa8d60
0xa566e4 N 0xa566e8
0x950 N 0x954
0xbae9c N 0xbaea0
0x6c4ef4 N 0x6c4ef8
0x950 N 0x954
0x6c4ef4 N 0x6c4ef8
0xa566e4 N 0xa566e8
0xa8d5c N 0xa8d60
0xd7c N 0xd80
0xe8afc N 0xe8b00
0xe8afc T 0x6b978
0x91abc34 N 0x91abc38
0xbd10b0 N 0xbd10b4
0x950 N 0x954
0xd7c N 0xd80
0xb54c N 0xb550
0x730460 N 0x730464
0xa566e4 N 0xa566e8
0x91abc34 N 0x91abc38
0x369c N 0x36a0
0x950 N 0x954
0x369c N 0x36a0
0xd7c N 0xd80
0x6c4ef4 N 0x6c4ef8
0x730460 N 0x730464
0xbae9c N 0xbaea0
0xa566e4 N 0xa566e8
0x8014 N 0x8018
0x70f758 N 0x70f75c
0x8014 N 0x8018
0x3aec4984 N 0x3aec4988
0x3aec4984 N 0x3aec4988
0xa566e4 N 0xa566e8
0xb54c N 0xb550
0xa8d5c N 0xa8d60
0xa8d5c T 0x71a8
0x3aec4984 N 0x3aec4988
0x579bc8 N 0x579bcc
0x730460 N 0x730464
0x730460 N 0x730464
0xa566e4 N 0xa566e8
0x91abc34 N 0x91abc38
0x579bc8 N 0x579bcc
0x8014 N 0x8018
0xbd10b0 N 0xbd10b4
0x3aec4984 N 0x3aec4988
0x579bc8 N 0x579bcc
0xbd10b0 N 0xbd10b4
0x158 N 0x15c
0x369c N 0x36a0
0x9e08 N 0x9e0c
0xe8afc N 0xe8b00
0xe37910 N 0xe37914
0xe37910 N 0xe37914
flush_num: 90, br_num: 174, size: 87b
