0x5ff8 N 0x5ffc
0xe582bc68 N 0xe582bc6c
0x7fc N 0x800
0xf9be940c N 0xf9be9410
0xe0a6458 N 0xe0a645c
0x7060 N 0x7064
0x1784 N 0x1788
0xbb34 N 0xbb38
0x87894 N 0x87898
0x75c6c N 0x75c70
0x5d4688 N 0x5d468c
0xd64c N 0xd650
0x154 N 0x158
0xbd04 N 0xbd08
0xc0ca8 N 0xc0cac
0x7fc T 0x63279e0
0x154 N 0x158
0x3deb9dc N 0x3deb9e0
0x1784 N 0x1788
0x74e0 N 0x74e4
0x2836270 N 0x2836274
0x3deb9dc N 0x3deb9e0
0xf9be940c N 0xf9be9410
0xf9be940c T 0xccec
0xee8ca78 N 0xee8ca7c
0x5ff8 N 0x5ffc
0xe582bc68 N 0xe582bc6c
0xb88 N 0xb8c
0xbe6c N 0xbe70
0xa410 N 0xa414
0xbe6c N 0xbe70
0xe76cc N 0xe76d0
0x154 T 0x844de53c
0xa410 N 0xa414
0xbe6c N 0xbe70
0xc0ca8 N 0xc0cac
0x7060 N 0x7064
0x828 N 0x82c
0x704 N 0x708
0x5094e5b4 N 0x5094e5b8
0xd64c N 0xd650
0xee8ca78 N 0xee8ca7c
0x7fc N 0x800
0xd34 N 0xd38
0x6150 N 0x6154
0x154 N 0x158
0xd933c N 0xd9340
0x4ac840 N 0x4ac844
0xbd04 N 0xbd08
0x2c49a0 N 0x2c49a4
0x3deb9dc N 0x3deb9e0
0x2836270 T 0xc4f8
0x87894 N 0x87898
0x5d4688 N 0x5d468c
0x4ac840 T 0xa60
0x4ac840 T 0xa60
0x1784 N 0x1788
0xa410 N 0xa414
0x960 N 0x964
0xe582bc68 N 0xe582bc6c
0xb5d2b48 N 0xb5d2b4c
0xc0ca8 N 0xc0cac
0xe0a6458 N 0xe0a645c
0x2836270 T 0xc4f8
0xd34 N 0xd38
0x7060 N 0x7064
0xbb34 N 0xbb38
0x7060 N 0x7064
0x2b0 N 0x2b4
0xdf744 N 0xdf748
0xd64c T 0x3a2210
0x75c6c N 0x75c70
0x828 N 0x82c
0xe582bc68 N 0xe582bc6c
0xd933c N 0xd9340
0x828 N 0x82c
0xf021f644 N 0xf021f648
0xb88 N 0xb8c
0xe582bc68 N 0xe582bc6c
0x960 N 0x964
0xbb34 T 0x8664
0x154 N 0x158
0xee8ca78 N 0xee8ca7c
0xf021f644 N 0xf021f648
0xe582bc68 N 0xe582bc6c
0xd64c T 0x3a2210
0x5c26038 N 0x5c2603c
0xd64c T 0x3a2210
0xe76cc N 0xe76d0
0xb65c5d0 N 0xb65c5d4
0x2b0 N 0x2b4
0x87894 N 0x87898
0xdf744 N 0xdf748
0x74e0 N 0x74e4
0x5d4688 N 0x5d468c
0xf9be940c N 0xf9be9410
0xd933c T 0xd8a48
0x3b41d0 N 0x3b41d4
0xb65c5d0 N 0xb65c5d4
0x6150 N 0x6154
0xe76cc N 0xe76d0
0xbd04 N 0xbd08
0xe0a6458 N 0xe0a645c
0xbb34 T 0x8664
0x7060 N 0x7064
0x7060 T 0xd820
0x7fc N 0x800
0x75c6c N 0x75c70
0x87894 T 0x6b44
0xd34 N 0xd38
0xee8ca78 N 0xee8ca7c
0x5ff8 N 0x5ffc
0x2b0 N 0x2b4
0xe582bc68 T 0x1b234
0x5c26038 N 0x5c2603c
0x7fc T 0x63279e0
0x6150 T 0x1d16f8
0xb88 N 0xb8c
0x7060 T 0xd820
0x2836270 N 0x2836274
0xbde9c N 0xbdea0
0x2836270 T 0xc4f8
0xe582bc68 T 0x1b234
0xdf744 N 0xdf748
0xb65c5d0 N 0xb65c5d4
0xc0ca8 N 0xc0cac
0xd64c N 0xd650
0x8a578 N 0x8a57c
0xbe6c N 0xbe70
0xd933c N 0xd9340
0x2b0 N 0x2b4
0x5094e5b4 N 0x5094e5b8
0x74e0 N 0x74e4
0xb88 T 0xc320694
0x828 N 0x82c
0xc0ca8 N 0xc0cac
flush_num: 70, br_num: 136, size: 852b
