0x8b4 N 0x8b8
0x39f8 N 0x39fc
0x8b4 N 0x8b8
0x7c38 N 0x7c3c
0x8b4 T 0x23604
0x8b4 T 0x23604
0x2e751dcc N 0x2e751dd0
0x8b4 N 0x8b8
0xb4ac N 0xb4b0
0xcec10c N 0xcec110
0x5db728 N 0x5db72c
0xaea2326c N 0xaea23270
0xa30 N 0xa34
0xf3a9ac N 0xf3a9b0
0xf3a9ac T 0x622a4
0xb4ac N 0xb4b0
0x7c38 N 0x7c3c
0x2e751dcc N 0x2e751dd0
0x39f8 N 0x39fc
0xee73f210 N 0xee73f214
0x2e751dcc T 0xe18
0x732b63a8 N 0x732b63ac
0xee73f210 N 0xee73f214
0x2e751dcc T 0xe18
0x39f8 N 0x39fc
0x732b63a8 N 0x732b63ac
0xee73f210 N 0xee73f214
0x7b9fc N 0x7ba00
0x39f8 N 0x39fc
0x2e751dcc N 0x2e751dd0
0x7b9fc N 0x7ba00
0xee73f210 N 0xee73f214
0xa30 N 0xa34
0x732b63a8 N 0x732b63ac
0x7b9fc T 0xe9238
0x39f8 N 0x39fc
0x7b9fc T 0xe9238
0x2e751dcc N 0x2e751dd0
0xf3a9ac N 0xf3a9b0
0xaea2326c N 0xaea23270
0x7b9fc N 0x7ba00
0x39f8 T 0xc5a6928
0x5db728 N 0x5db72c
0xa30 N 0xa34
0xcec10c N 0xcec110
0x39f8 N 0x39fc
0x2e751dcc N 0x2e751dd0
0x7b9fc N 0x7ba00
0xa30 N 0xa34
0xf3a9ac N 0xf3a9b0
0x930 N 0x934
0x7c38 N 0x7c3c
0x7c38 T 0x82944c
0xcec10c N 0xcec110
0x8b4 N 0x8b8
0x930 N 0x934
0x7b9fc N 0x7ba00
0x7b9fc T 0xe9238
0xa30 N 0xa34
0x930 N 0x934
0xaea2326c N 0xaea23270
0xaea2326c T 0x9c2b24
0xcec10c N 0xcec110
0xb4ac N 0xb4b0
0xaea2326c N 0xaea23270
0xa30 N 0xa34
0xf3a9ac N 0xf3a9b0
0x7b9fc N 0x7ba00
0x7b9fc T 0xe9238
0x8b4 N 0x8b8
0x2e751dcc N 0x2e751dd0
0xee73f210 N 0xee73f214
0x930 N 0x934
0xaea2326c N 0xaea23270
0x930 T 0x4aa000
0xaea2326c T 0x9c2b24
0xcec10c N 0xcec110
0x732b63a8 N 0x732b63ac
0x7c38 N 0x7c3c
0x930 N 0x934
0xa30 N 0xa34
0xaea2326c N 0xaea23270
0xaea2326c T 0x9c2b24
0xb4ac N 0xb4b0
0x2e751dcc N 0x2e751dd0
0xcec10c N 0xcec110
0x5db728 N 0x5db72c
0xee73f210 N 0xee73f214
0x8b4 N 0x8b8
0x8b4 T 0x23604
0x2e751dcc N 0x2e751dd0
0xaea2326c N 0xaea23270
0x39f8 N 0x39fc
0xf3a9ac N 0xf3a9b0
0x2e751dcc N 0x2e751dd0
0xcec10c N 0xcec110
0xcec10c T 0x4559c
0xcec10c T 0x4559c
0xaea2326c N 0xaea23270
0x7c38 N 0x7c3c
0x7b9fc N 0x7ba00
0xf3a9ac N 0xf3a9b0
0x7b9fc N 0x7ba00
0xa30 N 0xa34
0xcec10c N 0xcec110
0x7c38 N 0x7c3c
0xa30 N 0xa34
0x2e751dcc N 0x2e751dd0
0x5db728 N 0x5db72c
0x5db728 T 0x1bfb4
0xee73f210 N 0xee73f214
0x7b9fc N 0x7ba00
0xb4ac N 0xb4b0
0xf3a9ac N 0xf3a9b0
0xaea2326c N 0xaea23270
0x8b4 N 0x8b8
0xf3a9ac N 0xf3a9b0
0xcec10c N 0xcec110
0xaea2326c N 0xaea23270
0xcec10c N 0xcec110
0x7b9fc N 0x7ba00
0xa30 N 0xa34
0xa30 T 0x340
0x930 N 0x934
0x39f8 N 0x39fc
0x732b63a8 N 0x732b63ac
0xb4ac N 0xb4b0
0x39f8 N 0x39fc
0x39f8 T 0xc5a6928
0x930 N 0x934
0x8b4 N 0x8b8
0xa30 N 0xa34
0x2e751dcc N 0x2e751dd0
0xcec10c N 0xcec110
0x8b4 N 0x8b8
0x930 N 0x934
0xb4ac N 0xb4b0
0x7b9fc N 0x7ba00
0xf3a9ac N 0xf3a9b0
flush_num: 75, br_num: 139, size: 1138b
