0xc202c N 0xc2030
0x10e4 N 0x10e8
0x10e4 N 0x10e8
0xa8448 N 0xa844c
0xc202c N 0xc2030
0x3ac N 0x3b0
0xfc0038 N 0xfc003c
0x75f0 N 0x75f4
0xc202c N 0xc2030
0x10e4 N 0x10e8
0x10e4 N 0x10e8
0x10e4 N 0x10e8
0x75f0 N 0x75f4
0xc202c N 0xc2030
0x878 N 0x87c
0x3ac N 0x3b0
0x10e4 N 0x10e8
0xdd0a58 N 0xdd0a5c
0x3ac N 0x3b0
0x878 N 0x87c
0xa8448 N 0xa844c
0x3ac N 0x3b0
0xfc0038 N 0xfc003c
0x10e4 N 0x10e8
0x878 N 0x87c
0xfc0038 N 0xfc003c
0x878 N 0x87c
0x3ac N 0x3b0
0x10e4 N 0x10e8
0x878 N 0x87c
0xdd0a58 N 0xdd0a5c
0xc202c N 0xc2030
0x878 N 0x87c
0xfc0038 N 0xfc003c
0xdd0a58 N 0xdd0a5c
0xc202c N 0xc2030
0x75f0 N 0x75f4
0x878 N 0x87c
0x878 N 0x87c
0xfc0038 N 0xfc003c
0xfc0038 N 0xfc003c
0xdd0a58 N 0xdd0a5c
0xdd0a58 N 0xdd0a5c
0x3ac N 0x3b0
0x878 N 0x87c
0xa8448 N 0xa844c
0xa8448 N 0xa844c
0x878 N 0x87c
0xdd0a58 N 0xdd0a5c
0xdd0a58 N 0xdd0a5c
0xfc0038 N 0xfc003c
0xc202c N 0xc2030
0x878 N 0x87c
0x75f0 N 0x75f4
0xfc0038 N 0xfc003c
0xc202c N 0xc2030
0xdd0a58 N 0xdd0a5c
0xc202c N 0xc2030
0xdd0a58 N 0xdd0a5c
0x10e4 N 0x10e8
0x10e4 N 0x10e8
0xa8448 N 0xa844c
0x3ac N 0x3b0
0x75f0 N 0x75f4
0xa8448 N 0xa844c
0x878 N 0x87c
0xa8448 N 0xa844c
0xa8448 N 0xa844c
0xc202c N 0xc2030
0xc202c N 0xc2030
0x75f0 N 0x75f4
0x75f0 N 0x75f4
0xdd0a58 N 0xdd0a5c
0x75f0 N 0x75f4
0xa8448 N 0xa844c
0x3ac N 0x3b0
0x3ac N 0x3b0
0x10e4 N 0x10e8
0x3ac N 0x3b0
0xa8448 N 0xa844c
0x878 N 0x87c
0xc202c N 0xc2030
0xdd0a58 N 0xdd0a5c
0xfc0038 N 0xfc003c
0xc202c N 0xc2030
0x10e4 N 0x10e8
0x75f0 N 0x75f4
0xa8448 N 0xa844c
0xdd0a58 N 0xdd0a5c
0xc202c N 0xc2030
0x878 N 0x87c
0x10e4 N 0x10e8
0x878 N 0x87c
0xdd0a58 N 0xdd0a5c
0xc202c N 0xc2030
0xdd0a58 N 0xdd0a5c
0xdd0a58 N 0xdd0a5c
0x878 N 0x87c
0x878 N 0x87c
0x75f0 N 0x75f4
0x878 N 0x87c
0x878 N 0x87c
0x878 N 0x87c
0xc202c N 0xc2030
0xfc0038 N 0xfc003c
0xdd0a58 N 0xdd0a5c
0xc202c N 0xc2030
0xc202c N 0xc2030
0xc202c T 0xea475c
0xdd0a58 N 0xdd0a5c
0xa8448 N 0xa844c
0xfc0038 N 0xfc003c
0xc202c N 0xc2030
0x3ac N 0x3b0
0x75f0 N 0x75f4
0xdd0a58 N 0xdd0a5c
0xfc0038 N 0xfc003c
0x3ac N 0x3b0
0x10e4 N 0x10e8
0x878 N 0x87c
0xa8448 N 0xa844c
0xa8448 N 0xa844c
0xc202c N 0xc2030
0x878 N 0x87c
0x75f0 N 0x75f4
0xc202c N 0xc2030
0x75f0 T 0xde88e08
0xa8448 N 0xa844c
0xc202c N 0xc2030
0xdd0a58 N 0xdd0a5c
0xdd0a58 N 0xdd0a5c
0x75f0 N 0x75f4
0x75f0 N 0x75f4
0x3ac N 0x3b0
0x10e4 N 0x10e8
0x75f0 N 0x75f4
0xc202c N 0xc2030
0xfc0038 N 0xfc003c
0x878 N 0x87c
0xfc0038 N 0xfc003c
0x878 N 0x87c
0xfc0038 N 0xfc003c
0x878 N 0x87c
0xc202c N 0xc2030
0xa8448 N 0xa844c
0xc202c N 0xc2030
0xfc0038 N 0xfc003c
0xdd0a58 N 0xdd0a5c
0xa8448 N 0xa844c
0x10e4 N 0x10e8
0x10e4 N 0x10e8
0x878 N 0x87c
0xa8448 N 0xa844c
0x878 N 0x87c
0xfc0038 N 0xfc003c
0xfc0038 N 0xfc003c
0xfc0038 N 0xfc003c
0xfc0038 N 0xfc003c
flush_num: 81, br_num: 158, size: 352b
