0xeb50 N 0xeb54
0xfae6ae4 N 0xfae6ae8
0xcb1e9c N 0xcb1ea0
0x8277c25c N 0x8277c260
0x224 N 0x228
0x8277c25c T 0x3c80f0
0x96ede800 N 0x96ede804
0x134 N 0x138
0x50a8c N 0x50a90
0xf80 N 0xf84
0xfae6ae4 N 0xfae6ae8
0x50a8c T 0x88c9b8
0x72f150c N 0x72f1510
0x96ede800 N 0x96ede804
0x72f150c T 0x7e0f0
0xa0c N 0xa10
0x8277c25c T 0x3c80f0
0xf80 N 0xf84
0x224 N 0x228
0xf80 T 0x2e81cc
0x6f8 N 0x6fc
0x72f150c N 0x72f1510
0xa0c N 0xa10
0xcb1e9c N 0xcb1ea0
0x224 N 0x228
0xcb1e9c T 0xe2ce92fc
0x134 T 0x2e9b2f78
0x224 T 0x9dac0
0xf80 T 0x2e81cc
0xa0c N 0xa10
0x4f48 N 0x4f4c
0x8277c25c N 0x8277c260
0x50a8c N 0x50a90
0x3709f78 N 0x3709f7c
0x6f8 N 0x6fc
0xf80 T 0x2e81cc
0xf80 T 0x2e81cc
0x8277c25c T 0x3c80f0
0xa0c N 0xa10
0x96ede800 N 0x96ede804
0x224 T 0x9dac0
0x50a8c N 0x50a90
0xcb1e9c N 0xcb1ea0
0xcb1e9c T 0xe2ce92fc
0x134 T 0x2e9b2f78
0x72f150c N 0x72f1510
0x6f8 T 0xab38
0x96ede800 T 0x9a0
0x6f8 T 0xab38
0xcb1e9c T 0xe2ce92fc
0x96ede800 N 0x96ede804
0x50a8c N 0x50a90
0x224 T 0x9dac0
0xfae6ae4 N 0xfae6ae8
0x50a8c T 0x88c9b8
0x224 N 0x228
0xcb1e9c T 0xe2ce92fc
0x6f8 T 0xab38
0x50a8c T 0x88c9b8
0x3709f78 N 0x3709f7c
0x224 T 0x9dac0
0xeb50 T 0x64ab874c
0x224 N 0x228
0xeb50 T 0x64ab874c
0x8277c25c N 0x8277c260
0x96ede800 T 0x9a0
0x6f8 N 0x6fc
0xf80 N 0xf84
0x134 T 0x2e9b2f78
0x96ede800 N 0x96ede804
0x96ede800 N 0x96ede804
0x72f150c N 0x72f1510
0x224 T 0x9dac0
0x72f150c N 0x72f1510
0xeb50 N 0xeb54
0x50a8c N 0x50a90
0x50a8c T 0x88c9b8
0x96ede800 T 0x9a0
0x72f150c N 0x72f1510
0x72f150c T 0x7e0f0
0x4f48 N 0x4f4c
0x72f150c N 0x72f1510
0xfae6ae4 N 0xfae6ae8
0x4f48 T 0x804
0x134 T 0x2e9b2f78
0x224 N 0x228
0xcb1e9c N 0xcb1ea0
0x96ede800 N 0x96ede804
0x8277c25c N 0x8277c260
0x50a8c N 0x50a90
0x4f48 N 0x4f4c
0x50a8c N 0x50a90
0x224 T 0x9dac0
0xf80 N 0xf84
0x3709f78 N 0x3709f7c
0x6f8 N 0x6fc
0xcb1e9c N 0xcb1ea0
0xa0c N 0xa10
0x224 T 0x9dac0
0x134 T 0x2e9b2f78
0x6f8 N 0x6fc
0x4f48 T 0x804
0x6f8 N 0x6fc
0xeb50 T 0x64ab874c
0x3709f78 N 0x3709f7c
0x50a8c N 0x50a90
0xfae6ae4 N 0xfae6ae8
0x224 N 0x228
0x8277c25c N 0x8277c260
0xeb50 T 0x64ab874c
0xcb1e9c N 0xcb1ea0
0xcb1e9c N 0xcb1ea0
0xcb1e9c T 0xe2ce92fc
0xa0c N 0xa10
0x224 N 0x228
0xcb1e9c T 0xe2ce92fc
0x96ede800 N 0x96ede804
0x8277c25c N 0x8277c260
0xfae6ae4 N 0xfae6ae8
0xfae6ae4 T 0xf40
0x224 N 0x228
0x72f150c N 0x72f1510
0xfae6ae4 N 0xfae6ae8
0x3709f78 N 0x3709f7c
0xcb1e9c N 0xcb1ea0
0xcb1e9c T 0xe2ce92fc
0x8277c25c N 0x8277c260
0x4f48 T 0x804
0x96ede800 N 0x96ede804
0x4f48 N 0x4f4c
0xa0c N 0xa10
0xcb1e9c N 0xcb1ea0
0xa0c T 0x7d0
0x72f150c N 0x72f1510
0x134 T 0x2e9b2f78
0xeb50 N 0xeb54
0xeb50 T 0x64ab874c
0xfae6ae4 N 0xfae6ae8
0xfae6ae4 T 0xf40
0x134 N 0x138
0x6f8 N 0x6fc
0xf80 N 0xf84
0x72f150c T 0x7e0f0
0x8277c25c N 0x8277c260
0x4f48 N 0x4f4c
0x50a8c N 0x50a90
0x6f8 N 0x6fc
0x72f150c N 0x72f1510
0xeb50 N 0xeb54
0x134 N 0x138
0x8277c25c T 0x3c80f0
0xa0c N 0xa10
0x4f48 N 0x4f4c
0x4f48 N 0x4f4c
0x3709f78 N 0x3709f7c
0x8277c25c N 0x8277c260
0x224 N 0x228
0x8277c25c N 0x8277c260
0x96ede800 N 0x96ede804
0x72f150c N 0x72f1510
0x72f150c N 0x72f1510
0x72f150c N 0x72f1510
0x72f150c T 0x7e0f0
0x4f48 T 0x804
0x6f8 N 0x6fc
0xeb50 T 0x64ab874c
0x4f48 T 0x804
0x6f8 N 0x6fc
0xfae6ae4 N 0xfae6ae8
0x4f48 N 0x4f4c
0x50a8c N 0x50a90
0x224 N 0x228
0xfae6ae4 N 0xfae6ae8
0xa0c N 0xa10
0xcb1e9c N 0xcb1ea0
0x96ede800 N 0x96ede804
0xf80 N 0xf84
0x72f150c N 0x72f1510
flush_num: 85, br_num: 178, size: 645b
