0xa738 N 0xa73c
0x3285368 N 0x328536c
0x3285368 T 0x11c
0xadfc00 N 0xadfc04
0xcafc3c N 0xcafc40
0x6540 N 0x6544
0xd62840 N 0xd62844
0xa738 T 0xc908
0xbdc N 0xbe0
0x108 N 0x10c
0xbdc N 0xbe0
0xa738 T 0xc908
0xf4594c N 0xf45950
0xadfc00 N 0xadfc04
0x67a90 N 0x67a94
0x3285368 N 0x328536c
0x67a90 T 0x1fff4f0
0xadfc00 T 0xcce14
0x399cb4 N 0x399cb8
0xadfc00 T 0xcce14
0xa738 T 0xc908
0xf4594c T 0xda90
0xa738 T 0xc908
0x3285368 T 0x11c
0xa738 N 0xa73c
0x45beb60 N 0x45beb64
0x108 N 0x10c
0x78fbec N 0x78fbf0
0x399cb4 T 0x213c278
0xd62840 N 0xd62844
0x45beb60 N 0x45beb64
0xa738 T 0xc908
0xbdc N 0xbe0
0xf4594c N 0xf45950
0x399cb4 T 0x213c278
0xa738 T 0xc908
0x6540 N 0x6544
0xadfc00 N 0xadfc04
0x26dfac N 0x26dfb0
0xcafc3c N 0xcafc40
0x3285368 N 0x328536c
0xbdc N 0xbe0
0xbdc T 0x4a1c508
0x66efd8 N 0x66efdc
0xd62840 N 0xd62844
0x26dfac T 0x3a2bec
0xcafc3c N 0xcafc40
0x399cb4 T 0x213c278
0x78fbec N 0x78fbf0
0x26dfac N 0x26dfb0
0x3285368 T 0x11c
0x66efd8 T 0x185c618
0xf7d2e0 N 0xf7d2e4
0x26dfac T 0x3a2bec
0x78fbec N 0x78fbf0
0xd62840 N 0xd62844
0x26dfac N 0x26dfb0
0x108 N 0x10c
0xf7d2e0 N 0xf7d2e4
0xa738 N 0xa73c
0xf7d2e0 T 0xbb6dd6ec
0xcafc3c T 0x4875381c
0xd62840 N 0xd62844
0x66efd8 N 0x66efdc
0xadfc00 N 0xadfc04
0x66efd8 T 0x185c618
0x3285368 N 0x328536c
0xa738 N 0xa73c
0x78fbec N 0x78fbf0
0x26dfac N 0x26dfb0
0x3285368 T 0x11c
0xd62840 N 0xd62844
0xf7d2e0 N 0xf7d2e4
0x45beb60 N 0x45beb64
0x26dfac T 0x3a2bec
0xcafc3c T 0x4875381c
0x108 N 0x10c
0x78fbec N 0x78fbf0
0x108 T 0x991228
0xf4594c N 0xf45950
0x66efd8 N 0x66efdc
0xadfc00 N 0xadfc04
0xf4594c T 0xda90
0x399cb4 T 0x213c278
0x3285368 N 0x328536c
0x66efd8 T 0x185c618
0xadfc00 T 0xcce14
0x108 N 0x10c
0xadfc00 T 0xcce14
0xbdc N 0xbe0
0x66efd8 T 0x185c618
0xd62840 N 0xd62844
0x67a90 T 0x1fff4f0
0x399cb4 N 0x399cb8
0x66efd8 N 0x66efdc
0x6540 N 0x6544
0x78fbec N 0x78fbf0
0xbdc N 0xbe0
0x26dfac N 0x26dfb0
0x26dfac T 0x3a2bec
0xa738 N 0xa73c
0x108 N 0x10c
0x399cb4 T 0x213c278
0x67a90 T 0x1fff4f0
0x45beb60 N 0x45beb64
0x3285368 N 0x328536c
0x399cb4 T 0x213c278
0x45beb60 T 0xdd3970
0x67a90 T 0x1fff4f0
0xf7d2e0 N 0xf7d2e4
0x6540 N 0x6544
0x67a90 T 0x1fff4f0
0x78fbec N 0x78fbf0
0x78fbec T 0x29c4
0x3285368 T 0x11c
0xbdc N 0xbe0
0x399cb4 N 0x399cb8
0xd62840 N 0xd62844
0xf4594c N 0xf45950
0x66efd8 N 0x66efdc
0x26dfac N 0x26dfb0
0x45beb60 N 0x45beb64
0x45beb60 T 0xdd3970
0x3285368 T 0x11c
0x26dfac N 0x26dfb0
0x66efd8 T 0x185c618
0xa738 N 0xa73c
0x3285368 T 0x11c
0x3285368 T 0x11c
0xbdc T 0x4a1c508
0x45beb60 T 0xdd3970
0xf7d2e0 N 0xf7d2e4
0x45beb60 N 0x45beb64
0xa738 T 0xc908
0x66efd8 N 0x66efdc
0xd62840 N 0xd62844
0x3285368 T 0x11c
0x3285368 T 0x11c
0x26dfac N 0x26dfb0
0x67a90 N 0x67a94
0xadfc00 N 0xadfc04
0x45beb60 N 0x45beb64
0x45beb60 T 0xdd3970
0x67a90 T 0x1fff4f0
0xf4594c N 0xf45950
0xf4594c T 0xda90
0x3285368 T 0x11c
0x66efd8 T 0x185c618
0xd62840 N 0xd62844
0xd62840 T 0x8e77f84
0xadfc00 N 0xadfc04
0x6540 N 0x6544
0xa738 N 0xa73c
0x3285368 T 0x11c
0x6540 T 0xe44
0x399cb4 T 0x213c278
0xf4594c N 0xf45950
0x108 N 0x10c
0x6540 T 0xe44
0xd62840 N 0xd62844
0x399cb4 T 0x213c278
0xf7d2e0 N 0xf7d2e4
0x6540 N 0x6544
0x78fbec N 0x78fbf0
0x66efd8 N 0x66efdc
0x6540 T 0xe44
0x399cb4 T 0x213c278
0xf7d2e0 N 0xf7d2e4
0xcafc3c N 0xcafc40
0xadfc00 N 0xadfc04
0xd62840 N 0xd62844
0xadfc00 N 0xadfc04
0xa738 N 0xa73c
0x6540 N 0x6544
0xf7d2e0 N 0xf7d2e4
0x67a90 T 0x1fff4f0
0xa738 T 0xc908
0x108 T 0x991228
0x78fbec T 0x29c4
0x399cb4 T 0x213c278
0xcafc3c N 0xcafc40
0x3285368 N 0x328536c
0x45beb60 N 0x45beb64
0x26dfac N 0x26dfb0
0x45beb60 T 0xdd3970
0xadfc00 N 0xadfc04
0xf4594c N 0xf45950
0x67a90 N 0x67a94
0xadfc00 T 0xcce14
0x45beb60 N 0x45beb64
0x45beb60 N 0x45beb64
0xbdc N 0xbe0
0x108 N 0x10c
flush_num: 96, br_num: 193, size: 522b
