0xcb1048 N 0xcb104c
0x16930 N 0x16934
0xa52e0 N 0xa52e4
0xcb1048 N 0xcb104c
0x7374e40 N 0x7374e44
0x3cfe18 N 0x3cfe1c
0xc554bfc N 0xc554c00
0xa52e0 N 0xa52e4
0xa52e0 N 0xa52e4
0x8d88 N 0x8d8c
0x4cdfb0 N 0x4cdfb4
0x8d88 N 0x8d8c
0x4cdfb0 N 0x4cdfb4
0x8f10700 N 0x8f10704
0x4cdfb0 N 0x4cdfb4
0xcb1048 N 0xcb104c
0xdc4c N 0xdc50
0x7374e40 N 0x7374e44
0x16930 N 0x16934
0x16930 N 0x16934
0xdc4c N 0xdc50
0x4cdfb0 N 0x4cdfb4
0xcb1048 N 0xcb104c
0x4cdfb0 N 0x4cdfb4
0x5ab0fca8 N 0x5ab0fcac
0xc554bfc N 0xc554c00
0x4cdfb0 N 0x4cdfb4
0x8d88 N 0x8d8c
0xc554bfc N 0xc554c00
0xa52e0 N 0xa52e4
0xcb1048 N 0xcb104c
0x88 N 0x8c
0x16930 N 0x16934
0x8f10700 N 0x8f10704
0x88 N 0x8c
0xa52e0 N 0xa52e4
0x5ab0fca8 N 0x5ab0fcac
0x3cfe18 N 0x3cfe1c
0x16930 N 0x16934
0x8d88 N 0x8d8c
0x3cfe18 N 0x3cfe1c
0xdc4c N 0xdc50
0x7374e40 N 0x7374e44
0x16930 N 0x16934
0xdc4c N 0xdc50
0x8f10700 N 0x8f10704
0x7374e40 N 0x7374e44
flush_num: 24, br_num: 47, size: 330b
