0x986c0 N 0x986c4
0x7c264 N 0x7c268
0x9a0 N 0x9a4
0x1530 N 0x1534
0x4c8c N 0x4c90
0xfa4b2c N 0xfa4b30
0x7c264 N 0x7c268
0x986c0 N 0x986c4
0xb5d5a8 N 0xb5d5ac
0x1530 N 0x1534
0x4c8c N 0x4c90
0x49f7c N 0x49f80
0xad4d5d18 N 0xad4d5d1c
0xb5d5a8 N 0xb5d5ac
0x12bc N 0x12c0
0x9a0 N 0x9a4
0xad4d5d18 N 0xad4d5d1c
0x1530 N 0x1534
0x84118 N 0x8411c
0xfa4b2c N 0xfa4b30
0xb5d5a8 N 0xb5d5ac
0x1530 N 0x1534
0xfa4b2c N 0xfa4b30
0x9a0 N 0x9a4
0x714 N 0x718
0x9a0 T 0x22c
0x714 N 0x718
0x12bc N 0x12c0
0xb5d5a8 N 0xb5d5ac
0x7c264 N 0x7c268
0x1530 N 0x1534
0x9a0 N 0x9a4
0x9a0 T 0x22c
0x4c8c N 0x4c90
0x84118 N 0x8411c
0xfa4b2c N 0xfa4b30
0x1530 N 0x1534
0xfa4b2c N 0xfa4b30
0x1530 T 0x1bf120b0
0x1530 N 0x1534
0x1530 N 0x1534
0x714 N 0x718
0x986c0 N 0x986c4
0x4c8c N 0x4c90
0x7340 N 0x7344
0x714 N 0x718
0x570c N 0x5710
0x12bc N 0x12c0
0x84118 N 0x8411c
0x570c N 0x5710
0x4c8c N 0x4c90
0x714 N 0x718
flush_num: 23, br_num: 52, size: 98b
