0x6de0 N 0x6de4
0xca68c N 0xca690
0xe6eb5c44 N 0xe6eb5c48
0xe023af08 N 0xe023af0c
0xcad8a84 N 0xcad8a88
0x7b708 N 0x7b70c
0x2fa9a18 N 0x2fa9a1c
0xe023af08 N 0xe023af0c
0x84810 N 0x84814
0x37324fc N 0x3732500
0x3e180 N 0x3e184
0x267a5344 N 0x267a5348
0x53218 N 0x5321c
0x1d6140 N 0x1d6144
0xfa48d94 N 0xfa48d98
0x7feb0 N 0x7feb4
0xd3820 N 0xd3824
0xd3820 T 0x23601198
0x7feb0 N 0x7feb4
0xbac6b6b8 N 0xbac6b6bc
0xa624b64 N 0xa624b68
0xaaba6800 N 0xaaba6804
0x53218 N 0x5321c
0xa42b2328 N 0xa42b232c
0x8ddf66fc N 0x8ddf6700
0x267a5344 N 0x267a5348
0x84810 N 0x84814
0x2424 N 0x2428
0xe023af08 N 0xe023af0c
0xe023af08 T 0x510
0x6de0 N 0x6de4
0xacc22d0 N 0xacc22d4
0xaaba6800 N 0xaaba6804
0xe0597e0c N 0xe0597e10
0xcad8a84 N 0xcad8a88
0xcad8a84 T 0xe64bf8
0x8ddf66fc N 0x8ddf6700
0x6de0 N 0x6de4
0xf39e8 N 0xf39ec
0xd3820 N 0xd3824
0xf39e8 N 0xf39ec
flush_num: 21, br_num: 41, size: 80b
