0x11061c30 N 0x11061c34
0x2fb0 T 0x10f938
0xfe0 N 0xfe4
0xd1ecfcf4 N 0xd1ecfcf8
0x27a40 N 0x27a44
0xe759734 N 0xe759738
0x2b70ea54 N 0x2b70ea58
0x8ae9c N 0x8aea0
0x4d4 T 0x544
0x710d20 N 0x710d24
0xe759734 N 0xe759738
0x76754 N 0x76758
0x16c3c7c N 0x16c3c80
0xe759734 N 0xe759738
0x710d20 T 0x789f8
0x71ea08 N 0x71ea0c
0x51e8 N 0x51ec
0xefe84 N 0xefe88
0x71ea08 N 0x71ea0c
0x11061c30 N 0x11061c34
0x71ea08 T 0xae08
0x71ea08 T 0xae08
0x8ae9c N 0x8aea0
0x710d20 N 0x710d24
0x27a40 N 0x27a44
0x51e8 N 0x51ec
0x2b70ea54 N 0x2b70ea58
0x76754 T 0x544
0xefe84 N 0xefe88
0x4d4 N 0x4d8
0x71ea08 N 0x71ea0c
0x9fe0e8c N 0x9fe0e90
0x27a40 T 0xdcaed1c
0xefe84 N 0xefe88
0x9a8 N 0x9ac
0x9fe0e8c T 0xf68
0x2fb0 N 0x2fb4
0x4b20fcc N 0x4b20fd0
0x8ae9c N 0x8aea0
0x710d20 N 0x710d24
0x76754 N 0x76758
0x71ea08 N 0x71ea0c
0x16c3c7c N 0x16c3c80
0x710d20 T 0x789f8
0xc6818 N 0xc681c
0x51e8 N 0x51ec
0x4d4 T 0xad8
0x74dacc N 0x74dad0
0xd1ecfcf4 N 0xd1ecfcf8
0x74dacc T 0x6404a8
0xc6818 N 0xc681c
0x11061c30 N 0x11061c34
0x9fe0e8c N 0x9fe0e90
0x27a40 N 0x27a44
0xe759734 N 0xe759738
0x9a8 N 0x9ac
0x4459a2ac N 0x4459a2b0
0x4d4 N 0x4d8
0x710d20 N 0x710d24
0x11061c30 N 0x11061c34
0x74dacc N 0x74dad0
0x8ae9c N 0x8aea0
0x74dacc N 0x74dad0
0x9fe0e8c N 0x9fe0e90
0xfa950 N 0xfa954
0x4d4 T 0x58f0
0x9a8 T 0xf2be0
0xfa950 T 0xd03c
0x9a8 T 0xf2be0
0x7e41874 N 0x7e41878
0x7e41874 T 0x44f6c960
0x27a40 N 0x27a44
0x27a40 T 0xdcaed1c
0xe759734 N 0xe759738
0x51e8 N 0x51ec
0x16c3c7c N 0x16c3c80
0x16c3c7c T 0xe86990
0x74dacc N 0x74dad0
0x51e8 T 0xcff7e0
0x9fe0e8c N 0x9fe0e90
0x4459a2ac N 0x4459a2b0
0x710d20 N 0x710d24
0x8ae9c N 0x8aea0
0x4b20fcc N 0x4b20fd0
0x9a8 N 0x9ac
0x4b20fcc T 0x1c4
0x710d20 T 0x789f8
0x71ea08 N 0x71ea0c
0x9a8 N 0x9ac
0xd1ecfcf4 N 0xd1ecfcf8
0x8ae9c N 0x8aea0
0x74dacc N 0x74dad0
0x2fb0 N 0x2fb4
0x7e41874 T 0x41274
0x2fb0 T 0x1da63bc
0x51e8 N 0x51ec
0x7e41874 T 0x44f6c960
0x2fb0 T 0x1da63bc
0xfe0 N 0xfe4
0x8ae9c N 0x8aea0
0xe759734 N 0xe759738
0xefe84 N 0xefe88
0x8ae9c T 0xb7f4
0x7e41874 N 0x7e41878
0x4b20fcc N 0x4b20fd0
0xfa950 N 0xfa954
0x8ae9c N 0x8aea0
0x27a40 N 0x27a44
0x710d20 N 0x710d24
0x76754 N 0x76758
0x2fb0 N 0x2fb4
0x4d4 T 0xad8
0x9fe0e8c N 0x9fe0e90
0x74dacc N 0x74dad0
0xc6818 N 0xc681c
0xd1ecfcf4 N 0xd1ecfcf8
0x4d4 N 0x4d8
0x71ea08 N 0x71ea0c
0xe759734 N 0xe759738
0x74dacc T 0x6404a8
0x16c3c7c N 0x16c3c80
0x4459a2ac N 0x4459a2b0
0x8ae9c N 0x8aea0
0xc6818 N 0xc681c
0x4b20fcc N 0x4b20fd0
0x9fe0e8c N 0x9fe0e90
0x74dacc N 0x74dad0
0x51e8 N 0x51ec
0x8ae9c N 0x8aea0
0x11061c30 T 0x1da63bc
0xfa950 N 0xfa954
0x4b20fcc N 0x4b20fd0
0x71ea08 N 0x71ea0c
0xfe0 N 0xfe4
flush_num: 69, br_num: 134, size: 2192b
