0x5b718 N 0x5b71c
0x502f510 N 0x502f514
0xb131bbc N 0xb131bc0
0x5b718 N 0x5b71c
0xad889674 N 0xad889678
0xb131bbc N 0xb131bc0
0xb131bbc N 0xb131bc0
0x5b718 N 0x5b71c
0x502f510 N 0x502f514
0xad889674 N 0xad889678
0xc2bb55e0 N 0xc2bb55e4
0xc2bb55e0 N 0xc2bb55e4
0x502f510 N 0x502f514
0x502f510 N 0x502f514
0xe9ed8 N 0xe9edc
0xc2bb55e0 N 0xc2bb55e4
0xb131bbc N 0xb131bc0
0xc2bb55e0 N 0xc2bb55e4
0xe9ed8 N 0xe9edc
0xad889674 N 0xad889678
0x5b718 N 0x5b71c
0xad889674 N 0xad889678
0xad889674 N 0xad889678
0xad889674 N 0xad889678
0x502f510 N 0x502f514
0xc2bb55e0 N 0xc2bb55e4
0x502f510 N 0x502f514
0x5b718 N 0x5b71c
0xe9ed8 N 0xe9edc
0x502f510 N 0x502f514
0xad889674 N 0xad889678
0x502f510 N 0x502f514
0x502f510 N 0x502f514
0x502f510 N 0x502f514
0xad889674 N 0xad889678
0x5b718 N 0x5b71c
0x5b718 N 0x5b71c
0xad889674 N 0xad889678
0xc2bb55e0 N 0xc2bb55e4
0x5b718 N 0x5b71c
0x5b718 N 0x5b71c
0x502f510 N 0x502f514
0xc2bb55e0 N 0xc2bb55e4
0xc2bb55e0 N 0xc2bb55e4
0xad889674 N 0xad889678
0xe9ed8 N 0xe9edc
0xc2bb55e0 N 0xc2bb55e4
0xb131bbc N 0xb131bc0
0xad889674 N 0xad889678
0xe9ed8 N 0xe9edc
0xad889674 N 0xad889678
0xb131bbc N 0xb131bc0
0x5b718 N 0x5b71c
flush_num: 21, br_num: 53, size: 412b
