0x9db1a6c N 0x9db1a70
0xb274 N 0xb278
0x6a4 N 0x6a8
0x6a4 N 0x6a8
0x6a4 N 0x6a8
0x6bac2368 N 0x6bac236c
0xf68 N 0xf6c
0x6fc56c50 N 0x6fc56c54
0xf68 N 0xf6c
0xf9c N 0xfa0
0xb201d2c8 N 0xb201d2cc
0x878 N 0x87c
0x7f74 N 0x7f78
0xb30d644 N 0xb30d648
0x7b4 N 0x7b8
0xdf9034 N 0xdf9038
0x2c960 N 0x2c964
0x738 N 0x73c
0xdf9034 N 0xdf9038
0x7b4 N 0x7b8
0xdf9034 N 0xdf9038
0xe330 N 0xe334
0x9d9c1e50 N 0x9d9c1e54
0xf9c T 0xd6d2894
0x948 N 0x94c
0x7b4 N 0x7b8
0xfe10 N 0xfe14
0xdb754 N 0xdb758
0x6fc56c50 N 0x6fc56c54
0x9d84 N 0x9d88
0xbc940 N 0xbc944
0xb274 N 0xb278
0x7b4 N 0x7b8
0xdb754 N 0xdb758
0x9e0 N 0x9e4
0xf68 N 0xf6c
0x9766958 N 0x976695c
0x738 N 0x73c
0x9d84 N 0x9d88
0x8d78 N 0x8d7c
0xe330 N 0xe334
0x6a4 N 0x6a8
0x9d9c1e50 N 0x9d9c1e54
0xa0a4d44c N 0xa0a4d450
0x8d78 N 0x8d7c
0x9766958 N 0x976695c
0x8ebcc N 0x8ebd0
0xb30d644 N 0xb30d648
0xebb30 N 0xebb34
0xf68 N 0xf6c
0x1da7cf64 N 0x1da7cf68
0x9d84 N 0x9d88
0xf68 T 0xf58
0x1890 N 0x1894
0xfe10 N 0xfe14
0x948 N 0x94c
0xf9c N 0xfa0
0xd7c0a8 N 0xd7c0ac
0x9e0 N 0x9e4
0x9db1a6c N 0x9db1a70
0x8ebcc N 0x8ebd0
0xa49ecc N 0xa49ed0
0x7b4 N 0x7b8
0xa49ecc N 0xa49ed0
0xebb30 N 0xebb34
0xfe10 N 0xfe14
0x7f74 N 0x7f78
0x1da7cf64 N 0x1da7cf68
0x3d064 N 0x3d068
0xb274 N 0xb278
0x66ec N 0x66f0
0xf68 N 0xf6c
0x9db1a6c N 0x9db1a70
0xd7c0a8 N 0xd7c0ac
0xb274 N 0xb278
0xdf9034 N 0xdf9038
0xa49ecc N 0xa49ed0
0x4c44d60 N 0x4c44d64
0x9d84 N 0x9d88
0x7b4 N 0x7b8
0x8ebcc N 0x8ebd0
0x8ebcc T 0xbc408e8
0xdb754 N 0xdb758
0x6a4 N 0x6a8
0x1da7cf64 N 0x1da7cf68
0xf68 N 0xf6c
0x6a4 N 0x6a8
0xd7c0a8 N 0xd7c0ac
0xb274 N 0xb278
0x6fc56c50 N 0x6fc56c54
0x8ebcc T 0xbc408e8
0xb30d644 N 0xb30d648
0x3d064 N 0x3d068
0xb30d644 N 0xb30d648
0x738 N 0x73c
0x5a271828 N 0x5a27182c
0x948 N 0x94c
0x6a4 N 0x6a8
0x9766958 N 0x976695c
0x9db1a6c N 0x9db1a70
0x9d9c1e50 N 0x9d9c1e54
0x6fc56c50 N 0x6fc56c54
0x1890 N 0x1894
0xe330 N 0xe334
0x2c960 N 0x2c964
0x6bac2368 N 0x6bac236c
0x1890 N 0x1894
0x9766958 N 0x976695c
0x878 N 0x87c
0x9766958 N 0x976695c
0x7b4 N 0x7b8
0x4c44d60 N 0x4c44d64
0x8d78 N 0x8d7c
0x7f74 N 0x7f78
0x6fc56c50 N 0x6fc56c54
0x9d9c1e50 N 0x9d9c1e54
0xa49ecc N 0xa49ed0
0x738 N 0x73c
0x948 N 0x94c
0x42579318 N 0x4257931c
0x3d064 N 0x3d068
0x8d78 N 0x8d7c
0x66ec N 0x66f0
0x948 N 0x94c
0x9766958 N 0x976695c
0x8ebcc N 0x8ebd0
0xb274 N 0xb278
0xf68 N 0xf6c
0x9e0 N 0x9e4
0x5a271828 N 0x5a27182c
0x3d064 N 0x3d068
0x4c44d60 N 0x4c44d64
0x5a271828 N 0x5a27182c
0xdf9034 N 0xdf9038
0xebb30 N 0xebb34
0x9d9c1e50 N 0x9d9c1e54
0x7b4 N 0x7b8
0x2c960 N 0x2c964
0xd7c0a8 N 0xd7c0ac
0x42579318 N 0x4257931c
0x9766958 N 0x976695c
0x948 N 0x94c
0x9d84 N 0x9d88
0xd7c0a8 N 0xd7c0ac
0x7b4 N 0x7b8
0x6bac2368 N 0x6bac236c
0xdf9034 N 0xdf9038
0xdb754 N 0xdb758
0x9e0 N 0x9e4
0x6fc56c50 N 0x6fc56c54
0x6fc56c50 N 0x6fc56c54
0x8d78 N 0x8d7c
0xbc940 N 0xbc944
0x8d78 T 0x120
0xb274 N 0xb278
0xb201d2c8 N 0xb201d2cc
0x9e0 N 0x9e4
0x9d84 N 0x9d88
0x6a4 N 0x6a8
0x37264 N 0x37268
0x9d9c1e50 N 0x9d9c1e54
0x2c960 N 0x2c964
0x66ec N 0x66f0
0x8ebcc N 0x8ebd0
0x9db1a6c N 0x9db1a70
0xfe10 N 0xfe14
0x9db1a6c N 0x9db1a70
flush_num: 86, br_num: 167, size: 256b
