0x4bcf0 N 0x4bcf4
0x913dc N 0x913e0
0x96b8 N 0x96bc
0xe674 N 0xe678
0xadc8 N 0xadcc
0x60a0 N 0x60a4
0x145a0df4 N 0x145a0df8
0x6d84ac N 0x6d84b0
0x4670 N 0x4674
0x690f0 N 0x690f4
0x4bcf0 N 0x4bcf4
0xd88f4 N 0xd88f8
0xeafe868 N 0xeafe86c
0xadbba18 N 0xadbba1c
0xaf084 N 0xaf088
0xd7780 N 0xd7784
0x6d84ac N 0x6d84b0
0xd7780 N 0xd7784
0x1216868 N 0x121686c
0xadc8 N 0xadcc
0xaf084 N 0xaf088
0x79698 N 0x7969c
0xadc8 N 0xadcc
0x60a0 N 0x60a4
0x9ff47d0 N 0x9ff47d4
0x913dc N 0x913e0
0x60a0 N 0x60a4
0xadbba18 N 0xadbba1c
0x253a8 N 0x253ac
0x690f0 N 0x690f4
0x6859bba0 N 0x6859bba4
0x96b8 N 0x96bc
0x253a8 N 0x253ac
0xbf48e9a8 N 0xbf48e9ac
0xadbba18 N 0xadbba1c
0xe674 N 0xe678
0x6d84ac N 0x6d84b0
0x6859bba0 N 0x6859bba4
0x4bcf0 N 0x4bcf4
0xaf084 N 0xaf088
0xeafe868 N 0xeafe86c
0x6859bba0 N 0x6859bba4
0x4670 N 0x4674
0x145a0df4 N 0x145a0df8
0x145a0df4 N 0x145a0df8
0x253a8 N 0x253ac
0xeafe868 N 0xeafe86c
0x79698 N 0x7969c
0x1216868 N 0x121686c
0xaf084 N 0xaf088
0x6c6f2c80 N 0x6c6f2c84
0xadc8 N 0xadcc
0xadbba18 N 0xadbba1c
0xeafe868 N 0xeafe86c
0x4670 N 0x4674
0xd7780 N 0xd7784
0x9ff47d0 N 0x9ff47d4
0xadbba18 N 0xadbba1c
0xd88f4 N 0xd88f8
0xd88f4 N 0xd88f8
0x6d84ac N 0x6d84b0
0x6d84ac T 0x7090
0x7f41c N 0x7f420
0xbf48e9a8 N 0xbf48e9ac
0x96b8 N 0x96bc
0x913dc N 0x913e0
0x1216868 N 0x121686c
0x9ff47d0 N 0x9ff47d4
0xe674 N 0xe678
0x9ff47d0 N 0x9ff47d4
0x60a0 N 0x60a4
0x6859bba0 N 0x6859bba4
0x6859bba0 N 0x6859bba4
0x253a8 N 0x253ac
0xeafe868 N 0xeafe86c
0x6d84ac N 0x6d84b0
0x9ff47d0 N 0x9ff47d4
0xd88f4 N 0xd88f8
0x4670 N 0x4674
0x60a0 N 0x60a4
0xd88f4 N 0xd88f8
0x6859bba0 N 0x6859bba4
0xaf084 N 0xaf088
0x4bcf0 N 0x4bcf4
0x6c6f2c80 N 0x6c6f2c84
0x6859bba0 N 0x6859bba4
0x6d84ac N 0x6d84b0
0x253a8 N 0x253ac
0x60a0 N 0x60a4
0x4670 N 0x4674
0xe674 N 0xe678
0x4670 N 0x4674
0x96b8 N 0x96bc
0x6c6f2c80 N 0x6c6f2c84
0x9ff47d0 N 0x9ff47d4
0x690f0 N 0x690f4
0x690f0 N 0x690f4
0xadc8 N 0xadcc
0xe51d78 N 0xe51d7c
0x4bcf0 N 0x4bcf4
0x96b8 N 0x96bc
0xeafe868 N 0xeafe86c
0xe51d78 N 0xe51d7c
0x690f0 N 0x690f4
0xeafe868 N 0xeafe86c
0xaf084 N 0xaf088
0x913dc N 0x913e0
0xd88f4 N 0xd88f8
0x96b8 N 0x96bc
0xadbba18 N 0xadbba1c
0xbf48e9a8 N 0xbf48e9ac
0x145a0df4 N 0x145a0df8
0x9110 N 0x9114
0xadbba18 N 0xadbba1c
0x913dc N 0x913e0
0x6d84ac N 0x6d84b0
0x145a0df4 N 0x145a0df8
0xadbba18 N 0xadbba1c
0xadbba18 N 0xadbba1c
0x6c6f2c80 N 0x6c6f2c84
0xd7780 N 0xd7784
0x79698 N 0x7969c
0x6c6f2c80 N 0x6c6f2c84
0x6859bba0 N 0x6859bba4
0x4670 N 0x4674
0x145a0df4 N 0x145a0df8
0x4670 N 0x4674
0x4bcf0 N 0x4bcf4
0xaf084 T 0x4488
0x79698 N 0x7969c
0x9ff47d0 N 0x9ff47d4
0x145a0df4 N 0x145a0df8
0x7f41c N 0x7f420
0xadc8 N 0xadcc
0x145a0df4 N 0x145a0df8
0x690f0 N 0x690f4
0x60a0 N 0x60a4
0x4670 N 0x4674
0x1216868 N 0x121686c
0xd7780 N 0xd7784
0xeafe868 N 0xeafe86c
0x7f41c N 0x7f420
0x1216868 N 0x121686c
0xe674 N 0xe678
0x6859bba0 N 0x6859bba4
0x4bcf0 N 0x4bcf4
0x145a0df4 N 0x145a0df8
0x60a0 N 0x60a4
0xadbba18 N 0xadbba1c
0xadbba18 N 0xadbba1c
0x145a0df4 N 0x145a0df8
0x96b8 N 0x96bc
0x6c6f2c80 N 0x6c6f2c84
0xadbba18 N 0xadbba1c
0x913dc N 0x913e0
0x6c6f2c80 N 0x6c6f2c84
0xe674 N 0xe678
0x690f0 N 0x690f4
flush_num: 75, br_num: 158, size: 976b
